#
# A fatal error has been detected by the Java Runtime Environment:
#
#  EXCEPTION_ACCESS_VIOLATION (0xc0000005) at pc=0x0000026086660fa4, pid=26920, tid=7228
#
# JRE version: OpenJDK Runtime Environment Temurin-21.0.3+9 (21.0.3+9) (build 21.0.3+9-LTS)
# Java VM: OpenJDK 64-Bit Server VM Temurin-21.0.3+9 (21.0.3+9-LTS, mixed mode, emulated-client, tiered, compressed oops, compressed class ptrs, g1 gc, windows-amd64)
# Problematic frame:
# v  ~BufferBlob::MethodHandles adapters 0x0000026086660fa4
#
# No core dump will be written. Minidumps are not enabled by default on client versions of Windows
#
# If you would like to submit a bug report, please visit:
#   https://github.com/adoptium/adoptium-support/issues
#

---------------  S U M M A R Y ------------

Command Line: -XX:+ShowCodeDetailsInExceptionMessages -agentlib:jdwp=transport=dt_socket,suspend=y,address=localhost:52013 -Dcom.sun.management.jmxremote -Dcom.sun.management.jmxremote.port=52012 -Dcom.sun.management.jmxremote.authenticate=false -Dcom.sun.management.jmxremote.ssl=false -Djava.rmi.server.hostname=localhost -Dspring.jmx.enabled=true -Dmanagement.endpoints.jmx.exposure.include=* -Dspring.application.admin.enabled=true -Duser.timezone=Asia/Kolkata -Dspring.output.ansi.enabled=always -XX:TieredStopAtLevel=1 -Dspring.boot.project.name=redis-demonstrtion -javaagent:C:\My_Installations\sts-4.24.0.RELEASE\configuration\org.eclipse.osgi\818\0\.cp\lib\javaagent-shaded.jar -Dfile.encoding=UTF-8 -Dstdout.encoding=UTF-8 -Dstderr.encoding=UTF-8 com.redisdemo.redis.RedisApplication

Host: AMD Ryzen 5 7530U with Radeon Graphics         , 12 cores, 14G,  Windows 11 , 64 bit Build 22621 (10.0.22621.3958)
Time: Fri Mar 13 15:39:37 2026 India Standard Time elapsed time: 2338.457002 seconds (0d 0h 38m 58s)

---------------  T H R E A D  ---------------

Current thread (0x0000026096dd9180):  JavaThread "org.springframework.kafka.KafkaListenerEndpointContainer#0-0-C-1"        [_thread_in_Java, id=7228, stack(0x000000e475500000,0x000000e475600000) (1024K)]

Stack: [0x000000e475500000,0x000000e475600000],  sp=0x000000e4755fe618,  free space=1017k
Native frames: (J=compiled Java code, j=interpreted, Vv=VM code, C=native code)
C  0x0000026086660fa4

The last pc belongs to _linkToVirtual (printed below).

siginfo: EXCEPTION_ACCESS_VIOLATION (0xc0000005), reading address 0xffffffffffffffff


Registers:
RAX=0x0000026086639086, RBX=0x000000071b7d8cc8, RCX=0x000000e4755fe628, RDX=0x0000000000000003
RSP=0x000000e4755fe618, RBP=0x000000e4755fe670, RSI=0x0000026097c889b8, RDI=0x000002609788fd60
R8 =0x0000000000000004, R9 =0x0000000000000004, R10=0x00000008923e6e03, R11=0xe36fb19c00000000
R12=0x0000000000000000, R13=0x000000e4755fe618, R14=0x000000e4755fe698, R15=0x0000026096dd9180
RIP=0x0000026086660fa4, EFLAGS=0x0000000000010206


Register to memory mapping:

RAX=0x0000026086639086 is at code_begin+3078 in an Interpreter codelet
return entry points  [0x0000026086638480, 0x000002608663a298]  7704 bytes
RBX=0x000000071b7d8cc8 is an oop: java.lang.String 
{0x000000071b7d8cc8} - klass: 'java/lang/String'
 - string: "{"id":null,"name":"Skylinebag","price":850.0,"vendorcode":"74777"}"
 - ---- fields (total size 3 words):
 - private 'hash' 'I' @12  0 (0x00000000)
 - private final 'coder' 'B' @16  0 (0x00)
 - private 'hashIsZero' 'Z' @17  false (0x00)
 - injected 'flags' 'B' @18  0 (0x00)
 - private final 'value' '[B' @20  [B{0x000000071b7d8ce0} (0xe36fb19c)
RCX=0x000000e4755fe628 is pointing into the stack for thread: 0x0000026096dd9180
RDX=0x0000000000000003 is an unknown value
RSP=0x000000e4755fe618 is pointing into the stack for thread: 0x0000026096dd9180
RBP=0x000000e4755fe670 is pointing into the stack for thread: 0x0000026096dd9180
RSI=0x0000026097c889b8 points into unknown readable memory: 0x80001700881da191 | 91 a1 1d 88 00 17 00 80
RDI=0x000002609788fd60 points into unknown readable memory: 0x0000002000000070 | 70 00 00 00 20 00 00 00
R8 =0x0000000000000004 is an unknown value
R9 =0x0000000000000004 is an unknown value
R10=0x00000008923e6e03 is an unknown value
R11=0xe36fb19c00000000 is an unknown value
R12=0x0 is null
R13=0x000000e4755fe618 is pointing into the stack for thread: 0x0000026096dd9180
R14=0x000000e4755fe698 is pointing into the stack for thread: 0x0000026096dd9180
R15=0x0000026096dd9180 is a thread

Top of Stack: (sp=0x000000e4755fe618)
0x000000e4755fe618:   0000026086639086 0000000715719f30
0x000000e4755fe628:   000000e4755fe628 00000260923e6e03
0x000000e4755fe638:   0000000000000005 00000260923eb150
0x000000e4755fe648:   0000026086c4b97c 0000000713c81110
0x000000e4755fe658:   00000260923e6e10 000000e4755fe618
0x000000e4755fe668:   000000e4755fe6a0 000000e4755fe708
0x000000e4755fe678:   0000026086639086 000000071661cd78
0x000000e4755fe688:   000000071b7d8cc8 0000000715719f30
0x000000e4755fe698:   000000071661cd10 0000026086639086
0x000000e4755fe6a8:   000000071b7d8cc8 0000000715719f30
0x000000e4755fe6b8:   000000071661cd10 000000e4755fe6c0
0x000000e4755fe6c8:   000002609af696d4 0000000000000009
0x000000e4755fe6d8:   000002609afd0030 0000000000000000
0x000000e4755fe6e8:   0000000714e40408 000002609af696e8
0x000000e4755fe6f8:   000000e4755fe6a8 000000e4755fe760
0x000000e4755fe708:   000000e4755fea08 0000026086fd9db2
0x000000e4755fe718:   000000071661cd10 000000071b7d8cc8
0x000000e4755fe728:   000000071661cdc0 0000000715719f30
0x000000e4755fe738:   000000071661cde8 000000071b7d8cc8
0x000000e4755fe748:   0000000715719f30 000000071661cce0
0x000000e4755fe758:   0000026086fd9504 000000071661ce10
0x000000e4755fe768:   0000000714a6ace0 0000026091a79f30
0x000000e4755fe778:   000000e4755fd6f0 0000000000000000
0x000000e4755fe788:   0000000000000000 00007ffcdf9f7060
0x000000e4755fe798:   00007ffc772f46ee 000000e4755fea08
0x000000e4755fe7a8:   00000260869d7bcc 0000026099839cf0
0x000000e4755fe7b8:   00007ffc772f3fff 0000000000000004
0x000000e4755fe7c8:   0000000000000c00 0000000000000000
0x000000e4755fe7d8:   0000000000000000 0000000000000000
0x000000e4755fe7e8:   0000000000000000 0000000000000000
0x000000e4755fe7f8:   0000000000000000 0000000000000000
0x000000e4755fe808:   0000000000000000 000000071661ccc0 

Instructions: (pc=0x0000026086660fa4)
0x0000026086660ea4:   60 02 00 00 00 0f 66 86 60 02 00 00 80 1f 66 86
0x0000026086660eb4:   60 02 00 00 f0 0e 66 86 60 02 00 00 f0 0e 66 86
0x0000026086660ec4:   60 02 00 00 00 00 00 00 00 00 00 00 d8 e6 75 77
0x0000026086660ed4:   fc 7f 00 00 f0 10 00 00 60 00 00 00 ff ff ff ff
0x0000026086660ee4:   f0 10 00 00 00 00 00 00 00 00 00 00 00 00 00 00
0x0000026086660ef4:   00 00 00 00 00 00 00 00 00 00 00 00 f4 66 66 66
0x0000026086660f04:   0f 1f 84 00 00 00 00 00 66 66 0f 1f 84 00 00 00
0x0000026086660f14:   00 00 66 66 0f 1f 84 00 00 00 00 00 48 8b 53 08
0x0000026086660f24:   0f b7 52 2e 48 8b 0c d4 8b 59 14 48 c1 e3 03 8b
0x0000026086660f34:   5b 28 48 c1 e3 03 8b 5b 24 48 c1 e3 03 48 8b 5b
0x0000026086660f44:   10 48 85 db 0f 84 10 00 00 00 41 80 bf e0 05 00
0x0000026086660f54:   00 00 74 03 ff 63 38 ff 63 50 e9 9d 16 00 00 66
0x0000026086660f64:   66 66 0f 1f 84 00 00 00 00 00 66 0f 1f 84 00 00
0x0000026086660f74:   00 00 00 66 0f 1f 84 00 00 00 00 00 48 8b 53 08
0x0000026086660f84:   0f b7 52 2e 48 8b 0c d4 58 5b 50 44 8b 51 08 49
0x0000026086660f94:   bb 00 00 00 00 08 00 00 00 4d 03 d3 4c 8b 5b 10
0x0000026086660fa4:   4b 8b 9c da c8 01 00 00 48 85 db 0f 84 10 00 00
0x0000026086660fb4:   00 41 80 bf e0 05 00 00 00 74 03 ff 63 38 ff 63
0x0000026086660fc4:   50 e9 36 16 00 00 66 66 66 0f 1f 84 00 00 00 00
0x0000026086660fd4:   00 66 66 66 0f 1f 84 00 00 00 00 00 58 5b 50 8b
0x0000026086660fe4:   5b 24 48 c1 e3 03 48 8b 5b 10 48 85 db 0f 84 10
0x0000026086660ff4:   00 00 00 41 80 bf e0 05 00 00 00 74 03 ff 63 38
0x0000026086661004:   ff 63 50 e9 f4 15 00 00 66 66 0f 1f 84 00 00 00
0x0000026086661014:   00 00 66 66 0f 1f 84 00 00 00 00 00 48 8b 53 08
0x0000026086661024:   0f b7 52 2e 48 8b 0c d4 58 5b 50 48 3b 01 8b 5b
0x0000026086661034:   24 48 c1 e3 03 48 8b 5b 10 48 85 db 0f 84 10 00
0x0000026086661044:   00 00 41 80 bf e0 05 00 00 00 74 03 ff 63 38 ff
0x0000026086661054:   63 50 e9 a5 15 00 00 0f 1f 44 00 00 48 8b 53 08
0x0000026086661064:   0f b7 52 2e 48 8b 0c d4 58 5b 50 44 8b 51 08 49
0x0000026086661074:   bb 00 00 00 00 08 00 00 00 4d 03 d3 8b 43 18 48
0x0000026086661084:   c1 e0 03 48 8b 40 10 48 8b 5b 10 45 8b 9a a0 00
0x0000026086661094:   00 00 4f 8d 9c da c8 01 00 00 4d 8d 14 da 49 8b 


Stack slot to memory mapping:

stack at sp + 0 slots: 0x0000026086639086 is at code_begin+3078 in an Interpreter codelet
return entry points  [0x0000026086638480, 0x000002608663a298]  7704 bytes
stack at sp + 1 slots: 0x0000000715719f30 is an oop: com.redisdemo.redis.kafkaconsumer.OrderListenerFromVendorService 
{0x0000000715719f30} - klass: 'com/redisdemo/redis/kafkaconsumer/OrderListenerFromVendorService'
 - ---- fields (total size 2 words):
 - 'productservice' 'Lcom/redisdemo/redis/redisservice/RedisService;' @12  a 'com/redisdemo/redis/redisservice/RedisService'{0x0000000715719f40} (0xe2ae33e8)
stack at sp + 2 slots: 0x000000e4755fe628 is pointing into the stack for thread: 0x0000026096dd9180
stack at sp + 3 slots: 0x00000260923e6e03 is pointing into metadata
stack at sp + 4 slots: 0x0000000000000005 is an unknown value
stack at sp + 5 slots: 0x00000260923eb150 is pointing into metadata
stack at sp + 6 slots: 0x0000026086c4b97c is at entry_point+188 in (nmethod*)0x0000026086c4b710
Compiled method (c1) 2338654 2340       1       java.lang.invoke.LambdaForm$MH/0x00000008000c0800::invoke (25 bytes)
 total in heap  [0x0000026086c4b710,0x0000026086c4bb38] = 1064
 relocation     [0x0000026086c4b870,0x0000026086c4b8b8] = 72
 main code      [0x0000026086c4b8c0,0x0000026086c4b9f0] = 304
 stub code      [0x0000026086c4b9f0,0x0000026086c4ba48] = 88
 oops           [0x0000026086c4ba48,0x0000026086c4ba50] = 8
 metadata       [0x0000026086c4ba50,0x0000026086c4ba58] = 8
 scopes data    [0x0000026086c4ba58,0x0000026086c4baa8] = 80
 scopes pcs     [0x0000026086c4baa8,0x0000026086c4bb18] = 112
 dependencies   [0x0000026086c4bb18,0x0000026086c4bb20] = 8
 nul chk table  [0x0000026086c4bb20,0x0000026086c4bb38] = 24
stack at sp + 7 slots: 0x0000000713c81110 is an oop: java.lang.Class 
{0x0000000713c81110} - klass: 'java/lang/Class'
 - ---- fields (total size 14 words):
 - private volatile transient 'classRedefinedCount' 'I' @12  0 (0x00000000)
 - injected 'klass' 'J' @16  34359945312 (0x0000000800032860)
 - injected 'array_klass' 'J' @24  0 (0x0000000000000000)
 - injected 'oop_size' 'I' @32  14 (0x0000000e)
 - injected 'static_oop_field_count' 'I' @36  0 (0x00000000)
 - private volatile transient 'cachedConstructor' 'Ljava/lang/reflect/Constructor;' @40  null (0x00000000)
 - private transient 'name' 'Ljava/lang/String;' @44  null (0x00000000)
 - private transient 'module' 'Ljava/lang/Module;' @48  a 'java/lang/Module'{0x0000000713c63eb0} (0xe278c7d6)
 - private final 'classLoader' 'Ljava/lang/ClassLoader;' @52  null (0x00000000)
 - private transient 'classData' 'Ljava/lang/Object;' @56  null (0x00000000)
 - private transient 'packageName' 'Ljava/lang/String;' @60  null (0x00000000)
 - private final 'componentType' 'Ljava/lang/Class;' @64  null (0x00000000)
 - private volatile transient 'reflectionData' 'Ljava/lang/ref/SoftReference;' @68  null (0x00000000)
 - private volatile transient 'genericInfo' 'Lsun/reflect/generics/repository/ClassRepository;' @72  null (0x00000000)
 - private volatile transient 'enumConstants' '[Ljava/lang/Object;' @76  null (0x00000000)
 - private volatile transient 'enumConstantDirectory' 'Ljava/util/Map;' @80  null (0x00000000)
 - private volatile transient 'annotationData' 'Ljava/lang/Class$AnnotationData;' @84  null (0x00000000)
 - private volatile transient 'annotationType' 'Lsun/reflect/annotation/AnnotationType;' @88  null (0x00000000)
 - transient 'classValueMap' 'Ljava/lang/ClassValue$ClassValueMap;' @92  null (0x00000000)
 - injected 'protection_domain' 'Ljava/lang/Object;' @96  null (0x00000000)
 - injected 'signers_name' 'Ljava/lang/Object;' @100  null (0x00000000)
 - injected 'source_file' 'Ljava/lang/Object;' @104  null (0x00000000)
 - signature: Ljava/lang/invoke/DirectMethodHandle$Holder;
 - ---- static fields (0):

MethodHandle::interpreter_entry::_linkToVirtual [0x0000026086660f63, 0x0000026086660fca] (103 bytes)
[MachCode]
  0x0000026086660f63: 6666 660f | 1f84 0000 | 0000 0066 | 0f1f 8400 | 0000 0000 | 660f 1f84 | 0000 0000 | 0048 8b53 
  0x0000026086660f83: 080f b752 | 2e48 8b0c | d458 5b50 | 448b 5108 | 49bb 0000 | 0000 0800 | 0000 4d03 | d34c 8b5b 
  0x0000026086660fa3: 104b 8b9c | dac8 0100 | 0048 85db | 0f84 1000 | 0000 4180 | bfe0 0500 | 0000 7403 | ff63 38ff 
  0x0000026086660fc3: 6350 e936 | 
[/MachCode]

---------------  P R O C E S S  ---------------

Threads class SMR info:
_java_thread_list=0x000002609f3ae4a0, length=41, elements={
0x0000026091810fe0, 0x0000026091862a30, 0x00000260918641c0, 0x0000026091841a30,
0x000002609182c1f0, 0x00000260918306b0, 0x0000026091831a60, 0x00000260919ca260,
0x0000026091aa87b0, 0x0000026091ac3e20, 0x0000026091abf300, 0x00000260965a5780,
0x00000260967cb830, 0x00000260967d3a50, 0x00000260969028b0, 0x0000026096930c70,
0x0000026096943470, 0x00000260969609e0, 0x0000026096dd9810, 0x000002609e9de3a0,
0x000002609f2fb480, 0x000002609f2fbb10, 0x000002609f2fc830, 0x000002609f2fc1a0,
0x000002609f2f8690, 0x000002609f2f8d20, 0x000002609f2f9a40, 0x000002609f2fa0d0,
0x000002609f2fadf0, 0x000002609f2f6c50, 0x000002609f2f58a0, 0x000002609f2fcec0,
0x000002609f2f65c0, 0x0000026096dd8460, 0x0000026096dd70b0, 0x0000026096dd7740,
0x0000026096dd7dd0, 0x0000026096dd9ea0, 0x0000026096dd8af0, 0x0000026096dd9180,
0x000002609e9e0470
}

Java Threads: ( => current thread )
  0x0000026091810fe0 JavaThread "Reference Handler"          daemon [_thread_blocked, id=24692, stack(0x000000e472200000,0x000000e472300000) (1024K)]
  0x0000026091862a30 JavaThread "Finalizer"                  daemon [_thread_blocked, id=35500, stack(0x000000e472300000,0x000000e472400000) (1024K)]
  0x00000260918641c0 JavaThread "Signal Dispatcher"          daemon [_thread_blocked, id=36840, stack(0x000000e472400000,0x000000e472500000) (1024K)]
  0x0000026091841a30 JavaThread "Attach Listener"            daemon [_thread_blocked, id=28704, stack(0x000000e472500000,0x000000e472600000) (1024K)]
  0x000002609182c1f0 JavaThread "Service Thread"             daemon [_thread_blocked, id=30804, stack(0x000000e472600000,0x000000e472700000) (1024K)]
  0x00000260918306b0 JavaThread "Monitor Deflation Thread"   daemon [_thread_blocked, id=32204, stack(0x000000e472700000,0x000000e472800000) (1024K)]
  0x0000026091831a60 JavaThread "C1 CompilerThread0"         daemon [_thread_blocked, id=34328, stack(0x000000e472800000,0x000000e472900000) (1024K)]
  0x00000260919ca260 JavaThread "Common-Cleaner"             daemon [_thread_blocked, id=13000, stack(0x000000e472900000,0x000000e472a00000) (1024K)]
  0x0000026091aa87b0 JavaThread "JDWP Transport Listener: dt_socket" daemon [_thread_blocked, id=29408, stack(0x000000e472b00000,0x000000e472c00000) (1024K)]
  0x0000026091ac3e20 JavaThread "JDWP Event Helper Thread"   daemon [_thread_blocked, id=16528, stack(0x000000e472c00000,0x000000e472d00000) (1024K)]
  0x0000026091abf300 JavaThread "JDWP Command Reader"        daemon [_thread_in_native, id=36572, stack(0x000000e472d00000,0x000000e472e00000) (1024K)]
  0x00000260965a5780 JavaThread "Notification Thread"        daemon [_thread_blocked, id=36628, stack(0x000000e472e00000,0x000000e472f00000) (1024K)]
  0x00000260967cb830 JavaThread "RMI TCP Accept-0"           daemon [_thread_in_native, id=7464, stack(0x000000e473700000,0x000000e473800000) (1024K)]
  0x00000260967d3a50 JavaThread "RMI TCP Accept-52012"       daemon [_thread_in_native, id=10520, stack(0x000000e473800000,0x000000e473900000) (1024K)]
  0x00000260969028b0 JavaThread "RMI TCP Accept-0"           daemon [_thread_in_native, id=32384, stack(0x000000e473a00000,0x000000e473b00000) (1024K)]
  0x0000026096930c70 JavaThread "RMI Scheduler(0)"           daemon [_thread_blocked, id=33176, stack(0x000000e473b00000,0x000000e473c00000) (1024K)]
  0x0000026096943470 JavaThread "RMI TCP Connection(idle)"   daemon [_thread_blocked, id=19396, stack(0x000000e473c00000,0x000000e473d00000) (1024K)]
  0x00000260969609e0 JavaThread "JMX server connection timeout 38" daemon [_thread_blocked, id=30116, stack(0x000000e473d00000,0x000000e473e00000) (1024K)]
  0x0000026096dd9810 JavaThread "PostgreSQL-JDBC-Cleaner"    daemon [_thread_blocked, id=35312, stack(0x000000e474600000,0x000000e474700000) (1024K)]
  0x000002609e9de3a0 JavaThread "DestroyJavaVM"                     [_thread_blocked, id=24132, stack(0x000000e471a00000,0x000000e471b00000) (1024K)]
  0x000002609f2fb480 JavaThread "HikariPool-4:housekeeper"   daemon [_thread_blocked, id=5400, stack(0x000000e471900000,0x000000e471a00000) (1024K)]
  0x000002609f2fbb10 JavaThread "Catalina-utility-1"                [_thread_blocked, id=35456, stack(0x000000e474000000,0x000000e474100000) (1024K)]
  0x000002609f2fc830 JavaThread "Catalina-utility-2"                [_thread_blocked, id=28352, stack(0x000000e474100000,0x000000e474200000) (1024K)]
  0x000002609f2fc1a0 JavaThread "container-0"                       [_thread_blocked, id=25160, stack(0x000000e474400000,0x000000e474500000) (1024K)]
  0x000002609f2f8690 JavaThread "lettuce-timer-9-1"          daemon [_thread_blocked, id=27232, stack(0x000000e474500000,0x000000e474600000) (1024K)]
  0x000002609f2f8d20 JavaThread "File Watcher"               daemon [_thread_blocked, id=27908, stack(0x000000e474700000,0x000000e474800000) (1024K)]
  0x000002609f2f9a40 JavaThread "http-nio-6678-exec-1"       daemon [_thread_blocked, id=34184, stack(0x000000e474800000,0x000000e474900000) (1024K)]
  0x000002609f2fa0d0 JavaThread "http-nio-6678-exec-2"       daemon [_thread_blocked, id=29300, stack(0x000000e474900000,0x000000e474a00000) (1024K)]
  0x000002609f2fadf0 JavaThread "http-nio-6678-exec-3"       daemon [_thread_blocked, id=33332, stack(0x000000e474a00000,0x000000e474b00000) (1024K)]
  0x000002609f2f6c50 JavaThread "http-nio-6678-exec-4"       daemon [_thread_blocked, id=34020, stack(0x000000e474b00000,0x000000e474c00000) (1024K)]
  0x000002609f2f58a0 JavaThread "http-nio-6678-exec-5"       daemon [_thread_blocked, id=12664, stack(0x000000e474c00000,0x000000e474d00000) (1024K)]
  0x000002609f2fcec0 JavaThread "http-nio-6678-exec-6"       daemon [_thread_blocked, id=34308, stack(0x000000e474d00000,0x000000e474e00000) (1024K)]
  0x000002609f2f65c0 JavaThread "http-nio-6678-exec-7"       daemon [_thread_blocked, id=30628, stack(0x000000e474e00000,0x000000e474f00000) (1024K)]
  0x0000026096dd8460 JavaThread "http-nio-6678-exec-8"       daemon [_thread_blocked, id=34804, stack(0x000000e474f00000,0x000000e475000000) (1024K)]
  0x0000026096dd70b0 JavaThread "http-nio-6678-exec-9"       daemon [_thread_blocked, id=25008, stack(0x000000e475000000,0x000000e475100000) (1024K)]
  0x0000026096dd7740 JavaThread "http-nio-6678-exec-10"      daemon [_thread_blocked, id=32188, stack(0x000000e475100000,0x000000e475200000) (1024K)]
  0x0000026096dd7dd0 JavaThread "http-nio-6678-Poller"       daemon [_thread_in_native, id=28016, stack(0x000000e475200000,0x000000e475300000) (1024K)]
  0x0000026096dd9ea0 JavaThread "http-nio-6678-Acceptor"     daemon [_thread_in_native, id=32904, stack(0x000000e475300000,0x000000e475400000) (1024K)]
  0x0000026096dd8af0 JavaThread "ThreadPoolTaskScheduler-1"         [_thread_blocked, id=27840, stack(0x000000e475400000,0x000000e475500000) (1024K)]
=>0x0000026096dd9180 JavaThread "org.springframework.kafka.KafkaListenerEndpointContainer#0-0-C-1"        [_thread_in_Java, id=7228, stack(0x000000e475500000,0x000000e475600000) (1024K)]
  0x000002609e9e0470 JavaThread "kafka-coordinator-heartbeat-thread | vendortoproduct-group-1" daemon [_thread_blocked, id=10384, stack(0x000000e471700000,0x000000e471800000) (1024K)]
Total: 41

Other Threads:
  0x00000260917c87f0 VMThread "VM Thread"                           [id=28180, stack(0x000000e472100000,0x000000e472200000) (1024K)]
  0x00000260917452d0 WatcherThread "VM Periodic Task Thread"        [id=36156, stack(0x000000e472000000,0x000000e472100000) (1024K)]
  0x0000026082acd750 WorkerThread "GC Thread#0"                     [id=4160, stack(0x000000e471b00000,0x000000e471c00000) (1024K)]
  0x0000026096704b50 WorkerThread "GC Thread#1"                     [id=34208, stack(0x000000e473000000,0x000000e473100000) (1024K)]
  0x0000026096704ef0 WorkerThread "GC Thread#2"                     [id=36236, stack(0x000000e473100000,0x000000e473200000) (1024K)]
  0x0000026096705290 WorkerThread "GC Thread#3"                     [id=24200, stack(0x000000e473200000,0x000000e473300000) (1024K)]
  0x0000026096707640 WorkerThread "GC Thread#4"                     [id=31420, stack(0x000000e473300000,0x000000e473400000) (1024K)]
  0x0000026096725030 WorkerThread "GC Thread#5"                     [id=12184, stack(0x000000e473400000,0x000000e473500000) (1024K)]
  0x00000260967253d0 WorkerThread "GC Thread#6"                     [id=35508, stack(0x000000e473500000,0x000000e473600000) (1024K)]
  0x0000026096725770 WorkerThread "GC Thread#7"                     [id=35212, stack(0x000000e473600000,0x000000e473700000) (1024K)]
  0x0000026096dc7070 WorkerThread "GC Thread#8"                     [id=28496, stack(0x000000e473e00000,0x000000e473f00000) (1024K)]
  0x0000026096dc8630 WorkerThread "GC Thread#9"                     [id=34332, stack(0x000000e473f00000,0x000000e474000000) (1024K)]
  0x0000026082add470 ConcurrentGCThread "G1 Main Marker"            [id=35820, stack(0x000000e471c00000,0x000000e471d00000) (1024K)]
  0x0000026082adf0d0 WorkerThread "G1 Conc#0"                       [id=35288, stack(0x000000e471d00000,0x000000e471e00000) (1024K)]
  0x0000026096dc77b0 WorkerThread "G1 Conc#1"                       [id=28464, stack(0x000000e474200000,0x000000e474300000) (1024K)]
  0x0000026096dc89d0 WorkerThread "G1 Conc#2"                       [id=23548, stack(0x000000e474300000,0x000000e474400000) (1024K)]
  0x000002609161a430 ConcurrentGCThread "G1 Refine#0"               [id=4392, stack(0x000000e471e00000,0x000000e471f00000) (1024K)]
  0x000002609161afa0 ConcurrentGCThread "G1 Service"                [id=32600, stack(0x000000e471f00000,0x000000e472000000) (1024K)]
Total: 18

Threads with active compile tasks:
Total: 0

VM state: not at safepoint (normal execution)

VM Mutex/Monitor currently owned by a thread: None

Heap address: 0x0000000712c00000, size: 3796 MB, Compressed Oops mode: Zero based, Oop shift amount: 3

CDS archive(s) not mapped
Compressed class space mapped at: 0x0000000800000000-0x0000000840000000, reserved size: 1073741824
Narrow klass base: 0x0000000800000000, Narrow klass shift: 0, Narrow klass range: 0x40000000

GC Precious Log:
 CardTable entry size: 512
 Card Set container configuration: InlinePtr #cards 4 size 8 Array Of Cards #cards 16 size 48 Howl #buckets 8 coarsen threshold 3686 Howl Bitmap #cards 512 size 80 coarsen threshold 460 Card regions per heap region 1 cards per card region 4096
 CPUs: 12 total, 12 available
 Memory: 15182M
 Large Page Support: Disabled
 NUMA Support: Disabled
 Compressed Oops: Enabled (Zero based)
 Heap Region Size: 2M
 Heap Min Capacity: 8M
 Heap Initial Capacity: 238M
 Heap Max Capacity: 3796M
 Pre-touch: Disabled
 Parallel Workers: 10
 Concurrent Workers: 3
 Concurrent Refinement Workers: 10
 Periodic GC: Disabled

Heap:
 garbage-first heap   total 102400K, used 55209K [0x0000000712c00000, 0x0000000800000000)
  region size 2048K, 6 young (12288K), 1 survivors (2048K)
 Metaspace       used 114629K, committed 115648K, reserved 1179648K
  class space    used 15395K, committed 15808K, reserved 1048576K

Heap Regions: E=young(eden), S=young(survivor), O=old, HS=humongous(starts), HC=humongous(continues), CS=collection set, F=free, TAMS=top-at-mark-start, PB=parsable bottom
|   0|0x0000000712c00000, 0x0000000712e00000, 0x0000000712e00000|100%| O|  |TAMS 0x0000000712c00000| PB 0x0000000712c00000| Untracked 
|   1|0x0000000712e00000, 0x0000000713000000, 0x0000000713000000|100%| O|  |TAMS 0x0000000712e00000| PB 0x0000000712e00000| Untracked 
|   2|0x0000000713000000, 0x0000000713200000, 0x0000000713200000|100%| O|  |TAMS 0x0000000713000000| PB 0x0000000713000000| Untracked 
|   3|0x0000000713200000, 0x0000000713400000, 0x0000000713400000|100%| O|  |TAMS 0x0000000713200000| PB 0x0000000713200000| Untracked 
|   4|0x0000000713400000, 0x00000007135fffe8, 0x0000000713600000| 99%| O|  |TAMS 0x0000000713400000| PB 0x0000000713400000| Untracked 
|   5|0x0000000713600000, 0x00000007137fffe8, 0x0000000713800000| 99%| O|  |TAMS 0x0000000713600000| PB 0x0000000713600000| Untracked 
|   6|0x0000000713800000, 0x00000007139ffff0, 0x0000000713a00000| 99%| O|  |TAMS 0x0000000713800000| PB 0x0000000713800000| Untracked 
|   7|0x0000000713a00000, 0x0000000713c00000, 0x0000000713c00000|100%| O|  |TAMS 0x0000000713a00000| PB 0x0000000713a00000| Untracked 
|   8|0x0000000713c00000, 0x0000000713e00000, 0x0000000713e00000|100%| O|  |TAMS 0x0000000713c00000| PB 0x0000000713c00000| Untracked 
|   9|0x0000000713e00000, 0x0000000713fffff0, 0x0000000714000000| 99%| O|  |TAMS 0x0000000713e00000| PB 0x0000000713e00000| Untracked 
|  10|0x0000000714000000, 0x00000007141fffd8, 0x0000000714200000| 99%| O|  |TAMS 0x0000000714000000| PB 0x0000000714000000| Untracked 
|  11|0x0000000714200000, 0x00000007143ff870, 0x0000000714400000| 99%| O|  |TAMS 0x0000000714200000| PB 0x0000000714200000| Untracked 
|  12|0x0000000714400000, 0x00000007145ffff0, 0x0000000714600000| 99%| O|  |TAMS 0x0000000714400000| PB 0x0000000714400000| Untracked 
|  13|0x0000000714600000, 0x00000007147b1e60, 0x0000000714800000| 84%| O|Cm|TAMS 0x0000000714600000| PB 0x0000000714600000| Complete 
|  14|0x0000000714800000, 0x00000007149ffff8, 0x0000000714a00000| 99%| O|Cm|TAMS 0x0000000714800000| PB 0x0000000714800000| Complete 
|  15|0x0000000714a00000, 0x0000000714bfffe8, 0x0000000714c00000| 99%| O|  |TAMS 0x0000000714a00000| PB 0x0000000714a00000| Untracked 
|  16|0x0000000714c00000, 0x0000000714c473e0, 0x0000000714e00000| 13%| O|Cm|TAMS 0x0000000714c00000| PB 0x0000000714c00000| Complete 
|  17|0x0000000714e00000, 0x0000000715000000, 0x0000000715000000|100%| O|  |TAMS 0x0000000714e00000| PB 0x0000000714e00000| Untracked 
|  18|0x0000000715000000, 0x0000000715200000, 0x0000000715200000|100%| O|  |TAMS 0x0000000715000000| PB 0x0000000715000000| Untracked 
|  19|0x0000000715200000, 0x0000000715270680, 0x0000000715400000| 21%| O|Cm|TAMS 0x0000000715200000| PB 0x0000000715200000| Complete 
|  20|0x0000000715400000, 0x0000000715600000, 0x0000000715600000|100%| O|  |TAMS 0x0000000715400000| PB 0x0000000715400000| Untracked 
|  21|0x0000000715600000, 0x0000000715800000, 0x0000000715800000|100%| O|  |TAMS 0x0000000715600000| PB 0x0000000715600000| Untracked 
|  22|0x0000000715800000, 0x0000000715a00000, 0x0000000715a00000|100%| O|  |TAMS 0x0000000715800000| PB 0x0000000715800000| Untracked 
|  23|0x0000000715a00000, 0x0000000715a11ba0, 0x0000000715c00000|  3%| O|  |TAMS 0x0000000715a00000| PB 0x0000000715a00000| Untracked 
|  24|0x0000000715c00000, 0x0000000715e00000, 0x0000000715e00000|100%| O|  |TAMS 0x0000000715c00000| PB 0x0000000715c00000| Untracked 
|  25|0x0000000715e00000, 0x0000000715e00000, 0x0000000716000000|  0%| F|  |TAMS 0x0000000715e00000| PB 0x0000000715e00000| Untracked 
|  26|0x0000000716000000, 0x0000000716000000, 0x0000000716200000|  0%| F|  |TAMS 0x0000000716000000| PB 0x0000000716000000| Untracked 
|  27|0x0000000716200000, 0x0000000716200000, 0x0000000716400000|  0%| F|  |TAMS 0x0000000716200000| PB 0x0000000716200000| Untracked 
|  28|0x0000000716400000, 0x0000000716400000, 0x0000000716600000|  0%| F|  |TAMS 0x0000000716400000| PB 0x0000000716400000| Untracked 
|  29|0x0000000716600000, 0x000000071676f920, 0x0000000716800000| 71%| S|CS|TAMS 0x0000000716600000| PB 0x0000000716600000| Complete 
|  30|0x0000000716800000, 0x0000000716800000, 0x0000000716a00000|  0%| F|  |TAMS 0x0000000716800000| PB 0x0000000716800000| Untracked 
|  31|0x0000000716a00000, 0x0000000716a00000, 0x0000000716c00000|  0%| F|  |TAMS 0x0000000716a00000| PB 0x0000000716a00000| Untracked 
|  32|0x0000000716c00000, 0x0000000716c00000, 0x0000000716e00000|  0%| F|  |TAMS 0x0000000716c00000| PB 0x0000000716c00000| Untracked 
|  33|0x0000000716e00000, 0x0000000716e00000, 0x0000000717000000|  0%| F|  |TAMS 0x0000000716e00000| PB 0x0000000716e00000| Untracked 
|  34|0x0000000717000000, 0x0000000717000000, 0x0000000717200000|  0%| F|  |TAMS 0x0000000717000000| PB 0x0000000717000000| Untracked 
|  35|0x0000000717200000, 0x0000000717200000, 0x0000000717400000|  0%| F|  |TAMS 0x0000000717200000| PB 0x0000000717200000| Untracked 
|  36|0x0000000717400000, 0x0000000717400000, 0x0000000717600000|  0%| F|  |TAMS 0x0000000717400000| PB 0x0000000717400000| Untracked 
|  37|0x0000000717600000, 0x0000000717600000, 0x0000000717800000|  0%| F|  |TAMS 0x0000000717600000| PB 0x0000000717600000| Untracked 
|  38|0x0000000717800000, 0x0000000717800000, 0x0000000717a00000|  0%| F|  |TAMS 0x0000000717800000| PB 0x0000000717800000| Untracked 
|  39|0x0000000717a00000, 0x0000000717a00000, 0x0000000717c00000|  0%| F|  |TAMS 0x0000000717a00000| PB 0x0000000717a00000| Untracked 
|  40|0x0000000717c00000, 0x0000000717c00000, 0x0000000717e00000|  0%| F|  |TAMS 0x0000000717c00000| PB 0x0000000717c00000| Untracked 
|  41|0x0000000717e00000, 0x0000000717e00000, 0x0000000718000000|  0%| F|  |TAMS 0x0000000717e00000| PB 0x0000000717e00000| Untracked 
|  42|0x0000000718000000, 0x0000000718000000, 0x0000000718200000|  0%| F|  |TAMS 0x0000000718000000| PB 0x0000000718000000| Untracked 
|  43|0x0000000718200000, 0x0000000718200000, 0x0000000718400000|  0%| F|  |TAMS 0x0000000718200000| PB 0x0000000718200000| Untracked 
|  44|0x0000000718400000, 0x0000000718400000, 0x0000000718600000|  0%| F|  |TAMS 0x0000000718400000| PB 0x0000000718400000| Untracked 
|  45|0x0000000718600000, 0x00000007186a2600, 0x0000000718800000| 31%| E|  |TAMS 0x0000000718600000| PB 0x0000000718600000| Complete 
|  68|0x000000071b400000, 0x000000071b600000, 0x000000071b600000|100%| E|CS|TAMS 0x000000071b400000| PB 0x000000071b400000| Complete 
|  69|0x000000071b600000, 0x000000071b800000, 0x000000071b800000|100%| E|CS|TAMS 0x000000071b600000| PB 0x000000071b600000| Complete 
|  70|0x000000071b800000, 0x000000071ba00000, 0x000000071ba00000|100%| E|CS|TAMS 0x000000071b800000| PB 0x000000071b800000| Complete 
| 118|0x0000000721800000, 0x0000000721a00000, 0x0000000721a00000|100%| E|CS|TAMS 0x0000000721800000| PB 0x0000000721800000| Complete 

Card table byte_map: [0x000002608a840000,0x000002608afb0000] _byte_map_base: 0x0000026086faa000

Marking Bits: (CMBitMap*) 0x0000026082acde50
 Bits: [0x000002608afb0000, 0x000002608eb00000)

Polling page: 0x0000026081100000

Metaspace:

Usage:
  Non-class:     96.91 MB used.
      Class:     15.03 MB used.
       Both:    111.94 MB used.

Virtual space:
  Non-class space:      128.00 MB reserved,      97.50 MB ( 76%) committed,  2 nodes.
      Class space:        1.00 GB reserved,      15.44 MB (  2%) committed,  1 nodes.
             Both:        1.12 GB reserved,     112.94 MB ( 10%) committed. 

Chunk freelists:
   Non-Class:  13.90 MB
       Class:  547.00 KB
        Both:  14.43 MB

MaxMetaspaceSize: unlimited
CompressedClassSpaceSize: 1.00 GB
Initial GC threshold: 21.00 MB
Current GC threshold: 188.25 MB
CDS: off
 - commit_granule_bytes: 65536.
 - commit_granule_words: 8192.
 - virtual_space_node_default_size: 8388608.
 - enlarge_chunks_in_place: 1.
 - use_allocation_guard: 0.


Internal statistics:

num_allocs_failed_limit: 9.
num_arena_births: 2274.
num_arena_deaths: 1278.
num_vsnodes_births: 3.
num_vsnodes_deaths: 0.
num_space_committed: 1807.
num_space_uncommitted: 0.
num_chunks_returned_to_freelist: 1641.
num_chunks_taken_from_freelist: 6725.
num_chunk_merges: 399.
num_chunk_splits: 4244.
num_chunks_enlarged: 3132.
num_inconsistent_stats: 0.

CodeCache: size=49152Kb used=17843Kb max_used=19500Kb free=31308Kb
 bounds [0x0000026086630000, 0x0000026087990000, 0x0000026089630000]
 total_blobs=9652 nmethods=8803 adapters=771
 compilation: enabled
              stopped_count=0, restarted_count=0
 full_count=0

Compilation events (20 events):
Event: 2190.342 Thread 0x0000026091831a60 12407       1       org.apache.catalina.core.ApplicationHttpRequest::getPathInfo (5 bytes)
Event: 2190.342 Thread 0x0000026091831a60 nmethod 12407 0x0000026087760110 code [0x00000260877602a0, 0x0000026087760370]
Event: 2190.342 Thread 0x0000026091831a60 12408       1       org.apache.tomcat.util.http.ValuesEnumerator::findNext (81 bytes)
Event: 2190.343 Thread 0x0000026091831a60 nmethod 12408 0x000002608775fa10 code [0x000002608775fbe0, 0x000002608775fea0]
Event: 2190.343 Thread 0x0000026091831a60 12409       1       org.apache.tomcat.util.http.ValuesEnumerator::hasMoreElements (13 bytes)
Event: 2190.343 Thread 0x0000026091831a60 nmethod 12409 0x000002608775f710 code [0x000002608775f8a0, 0x000002608775f980]
Event: 2190.343 Thread 0x0000026091831a60 12410       1       org.apache.coyote.AbstractProtocol$ConnectionHandler::getProtocol (5 bytes)
Event: 2190.343 Thread 0x0000026091831a60 nmethod 12410 0x000002608775f410 code [0x000002608775f5a0, 0x000002608775f670]
Event: 2222.263 Thread 0x0000026091831a60 12411       1       java.lang.invoke.LambdaForm$MH/0x0000000800185c00::invoke (45 bytes)
Event: 2222.263 Thread 0x0000026091831a60 nmethod 12411 0x000002608775ee10 code [0x000002608775efe0, 0x000002608775f1f8]
Event: 2255.701 Thread 0x0000026091831a60 12412       1       java.util.concurrent.locks.ReentrantReadWriteLock::writeLock (5 bytes)
Event: 2255.701 Thread 0x0000026091831a60 nmethod 12412 0x000002608678b790 code [0x000002608678b920, 0x000002608678b9f0]
Event: 2256.065 Thread 0x0000026091831a60 12413       1       org.apache.kafka.common.PartitionInfo::leader (5 bytes)
Event: 2256.065 Thread 0x0000026091831a60 nmethod 12413 0x0000026086793590 code [0x0000026086793720, 0x00000260867937f0]
Event: 2314.788 Thread 0x0000026091831a60 12414       1       com.zaxxer.hikari.HikariConfig::getMinimumIdle (5 bytes)
Event: 2314.789 Thread 0x0000026091831a60 nmethod 12414 0x0000026086794710 code [0x00000260867948a0, 0x0000026086794968]
Event: 2325.302 Thread 0x0000026091831a60 12415   !   1       org.apache.catalina.core.StandardContext::bind (168 bytes)
Event: 2325.303 Thread 0x0000026091831a60 nmethod 12415 0x00000260875baa10 code [0x00000260875baca0, 0x00000260875bb580]
Event: 2325.303 Thread 0x0000026091831a60 12416   !   1       org.apache.catalina.core.StandardContext::unbind (92 bytes)
Event: 2325.304 Thread 0x0000026091831a60 nmethod 12416 0x0000026086a65990 code [0x0000026086a65be0, 0x0000026086a662a0]

GC Heap History (20 events):
Event: 779.168 GC heap before
{Heap before GC invocations=43 (full 2):
 garbage-first heap   total 102400K, used 89876K [0x0000000712c00000, 0x0000000800000000)
  region size 2048K, 28 young (57344K), 0 survivors (0K)
 Metaspace       used 113368K, committed 114112K, reserved 1179648K
  class space    used 15288K, committed 15616K, reserved 1048576K
}
Event: 779.173 GC heap after
{Heap after GC invocations=44 (full 2):
 garbage-first heap   total 102400K, used 38482K [0x0000000712c00000, 0x0000000800000000)
  region size 2048K, 3 young (6144K), 3 survivors (6144K)
 Metaspace       used 113368K, committed 114112K, reserved 1179648K
  class space    used 15288K, committed 15616K, reserved 1048576K
}
Event: 779.970 GC heap before
{Heap before GC invocations=44 (full 2):
 garbage-first heap   total 102400K, used 85586K [0x0000000712c00000, 0x0000000800000000)
  region size 2048K, 26 young (53248K), 3 survivors (6144K)
 Metaspace       used 113795K, committed 114560K, reserved 1179648K
  class space    used 15334K, committed 15680K, reserved 1048576K
}
Event: 779.979 GC heap after
{Heap after GC invocations=45 (full 2):
 garbage-first heap   total 102400K, used 42099K [0x0000000712c00000, 0x0000000800000000)
  region size 2048K, 2 young (4096K), 2 survivors (4096K)
 Metaspace       used 113795K, committed 114560K, reserved 1179648K
  class space    used 15334K, committed 15680K, reserved 1048576K
}
Event: 787.684 GC heap before
{Heap before GC invocations=45 (full 2):
 garbage-first heap   total 102400K, used 87155K [0x0000000712c00000, 0x0000000800000000)
  region size 2048K, 24 young (49152K), 2 survivors (4096K)
 Metaspace       used 113918K, committed 114752K, reserved 1179648K
  class space    used 15367K, committed 15744K, reserved 1048576K
}
Event: 787.690 GC heap after
{Heap after GC invocations=46 (full 2):
 garbage-first heap   total 102400K, used 45415K [0x0000000712c00000, 0x0000000800000000)
  region size 2048K, 2 young (4096K), 2 survivors (4096K)
 Metaspace       used 113918K, committed 114752K, reserved 1179648K
  class space    used 15367K, committed 15744K, reserved 1048576K
}
Event: 1144.134 GC heap before
{Heap before GC invocations=47 (full 2):
 garbage-first heap   total 102400K, used 86375K [0x0000000712c00000, 0x0000000800000000)
  region size 2048K, 22 young (45056K), 2 survivors (4096K)
 Metaspace       used 114050K, committed 114944K, reserved 1179648K
  class space    used 15366K, committed 15744K, reserved 1048576K
}
Event: 1144.138 GC heap after
{Heap after GC invocations=48 (full 2):
 garbage-first heap   total 102400K, used 46114K [0x0000000712c00000, 0x0000000800000000)
  region size 2048K, 1 young (2048K), 1 survivors (2048K)
 Metaspace       used 114050K, committed 114944K, reserved 1179648K
  class space    used 15366K, committed 15744K, reserved 1048576K
}
Event: 1557.387 GC heap before
{Heap before GC invocations=48 (full 2):
 garbage-first heap   total 102400K, used 87074K [0x0000000712c00000, 0x0000000800000000)
  region size 2048K, 21 young (43008K), 1 survivors (2048K)
 Metaspace       used 114050K, committed 114944K, reserved 1179648K
  class space    used 15366K, committed 15744K, reserved 1048576K
}
Event: 1557.393 GC heap after
{Heap after GC invocations=49 (full 2):
 garbage-first heap   total 102400K, used 44400K [0x0000000712c00000, 0x0000000800000000)
  region size 2048K, 1 young (2048K), 1 survivors (2048K)
 Metaspace       used 114050K, committed 114944K, reserved 1179648K
  class space    used 15366K, committed 15744K, reserved 1048576K
}
Event: 1951.490 GC heap before
{Heap before GC invocations=49 (full 2):
 garbage-first heap   total 102400K, used 87408K [0x0000000712c00000, 0x0000000800000000)
  region size 2048K, 23 young (47104K), 1 survivors (2048K)
 Metaspace       used 114075K, committed 114944K, reserved 1179648K
  class space    used 15367K, committed 15744K, reserved 1048576K
}
Event: 1951.627 GC heap after
{Heap after GC invocations=50 (full 3):
 garbage-first heap   total 102400K, used 33306K [0x0000000712c00000, 0x0000000800000000)
  region size 2048K, 0 young (0K), 0 survivors (0K)
 Metaspace       used 113835K, committed 114944K, reserved 1179648K
  class space    used 15306K, committed 15744K, reserved 1048576K
}
Event: 1954.408 GC heap before
{Heap before GC invocations=50 (full 3):
 garbage-first heap   total 102400K, used 84506K [0x0000000712c00000, 0x0000000800000000)
  region size 2048K, 26 young (53248K), 0 survivors (0K)
 Metaspace       used 114045K, committed 114944K, reserved 1179648K
  class space    used 15344K, committed 15744K, reserved 1048576K
}
Event: 1954.417 GC heap after
{Heap after GC invocations=51 (full 3):
 garbage-first heap   total 102400K, used 38640K [0x0000000712c00000, 0x0000000800000000)
  region size 2048K, 3 young (6144K), 3 survivors (6144K)
 Metaspace       used 114045K, committed 114944K, reserved 1179648K
  class space    used 15344K, committed 15744K, reserved 1048576K
}
Event: 1955.124 GC heap before
{Heap before GC invocations=52 (full 3):
 garbage-first heap   total 102400K, used 83696K [0x0000000712c00000, 0x0000000800000000)
  region size 2048K, 25 young (51200K), 3 survivors (6144K)
 Metaspace       used 114468K, committed 115264K, reserved 1179648K
  class space    used 15390K, committed 15744K, reserved 1048576K
}
Event: 1955.131 GC heap after
{Heap after GC invocations=53 (full 3):
 garbage-first heap   total 102400K, used 42235K [0x0000000712c00000, 0x0000000800000000)
  region size 2048K, 2 young (4096K), 2 survivors (4096K)
 Metaspace       used 114468K, committed 115264K, reserved 1179648K
  class space    used 15390K, committed 15744K, reserved 1048576K
}
Event: 1955.626 GC heap before
{Heap before GC invocations=53 (full 3):
 garbage-first heap   total 102400K, used 85243K [0x0000000712c00000, 0x0000000800000000)
  region size 2048K, 23 young (47104K), 2 survivors (4096K)
 Metaspace       used 114544K, committed 115392K, reserved 1179648K
  class space    used 15410K, committed 15808K, reserved 1048576K
}
Event: 1955.631 GC heap after
{Heap after GC invocations=54 (full 3):
 garbage-first heap   total 102400K, used 45810K [0x0000000712c00000, 0x0000000800000000)
  region size 2048K, 2 young (4096K), 2 survivors (4096K)
 Metaspace       used 114544K, committed 115392K, reserved 1179648K
  class space    used 15410K, committed 15808K, reserved 1048576K
}
Event: 2235.210 GC heap before
{Heap before GC invocations=54 (full 3):
 garbage-first heap   total 102400K, used 86770K [0x0000000712c00000, 0x0000000800000000)
  region size 2048K, 22 young (45056K), 2 survivors (4096K)
 Metaspace       used 114816K, committed 115648K, reserved 1179648K
  class space    used 15443K, committed 15808K, reserved 1048576K
}
Event: 2235.214 GC heap after
{Heap after GC invocations=55 (full 3):
 garbage-first heap   total 102400K, used 47017K [0x0000000712c00000, 0x0000000800000000)
  region size 2048K, 1 young (2048K), 1 survivors (2048K)
 Metaspace       used 114816K, committed 115648K, reserved 1179648K
  class space    used 15443K, committed 15808K, reserved 1048576K
}

Dll operation events (12 events):
Event: 0.046 Loaded shared library C:\My_Installations\sts-4.24.0.RELEASE\plugins\org.eclipse.justj.openjdk.hotspot.jre.full.win32.x86_64_21.0.3.v20240426-1530\jre\bin\java.dll
Event: 0.061 Loaded shared library C:\My_Installations\sts-4.24.0.RELEASE\plugins\org.eclipse.justj.openjdk.hotspot.jre.full.win32.x86_64_21.0.3.v20240426-1530\jre\bin\zip.dll
Event: 0.555 Loaded shared library C:\My_Installations\sts-4.24.0.RELEASE\plugins\org.eclipse.justj.openjdk.hotspot.jre.full.win32.x86_64_21.0.3.v20240426-1530\jre\bin\instrument.dll
Event: 0.592 Loaded shared library C:\My_Installations\sts-4.24.0.RELEASE\plugins\org.eclipse.justj.openjdk.hotspot.jre.full.win32.x86_64_21.0.3.v20240426-1530\jre\bin\net.dll
Event: 0.599 Loaded shared library C:\My_Installations\sts-4.24.0.RELEASE\plugins\org.eclipse.justj.openjdk.hotspot.jre.full.win32.x86_64_21.0.3.v20240426-1530\jre\bin\nio.dll
Event: 0.628 Loaded shared library C:\My_Installations\sts-4.24.0.RELEASE\plugins\org.eclipse.justj.openjdk.hotspot.jre.full.win32.x86_64_21.0.3.v20240426-1530\jre\bin\zip.dll
Event: 1.017 Loaded shared library C:\My_Installations\sts-4.24.0.RELEASE\plugins\org.eclipse.justj.openjdk.hotspot.jre.full.win32.x86_64_21.0.3.v20240426-1530\jre\bin\jimage.dll
Event: 1.252 Loaded shared library C:\My_Installations\sts-4.24.0.RELEASE\plugins\org.eclipse.justj.openjdk.hotspot.jre.full.win32.x86_64_21.0.3.v20240426-1530\jre\bin\management.dll
Event: 1.305 Loaded shared library C:\My_Installations\sts-4.24.0.RELEASE\plugins\org.eclipse.justj.openjdk.hotspot.jre.full.win32.x86_64_21.0.3.v20240426-1530\jre\bin\management_ext.dll
Event: 1.777 Loaded shared library C:\My_Installations\sts-4.24.0.RELEASE\plugins\org.eclipse.justj.openjdk.hotspot.jre.full.win32.x86_64_21.0.3.v20240426-1530\jre\bin\extnet.dll
Event: 1.847 Loaded shared library C:\My_Installations\sts-4.24.0.RELEASE\plugins\org.eclipse.justj.openjdk.hotspot.jre.full.win32.x86_64_21.0.3.v20240426-1530\jre\bin\verify.dll
Event: 3.419 Loaded shared library C:\My_Installations\sts-4.24.0.RELEASE\plugins\org.eclipse.justj.openjdk.hotspot.jre.full.win32.x86_64_21.0.3.v20240426-1530\jre\bin\sunmscapi.dll

Deoptimization events (20 events):
Event: 2190.339 Thread 0x000002609f2f58a0 DEOPT PACKING pc=0x0000026086fd959c sp=0x000000e474cfcf30
Event: 2190.339 Thread 0x000002609f2f58a0 DEOPT UNPACKING pc=0x0000026086684e42 sp=0x000000e474cfc420 mode 1
Event: 2190.339 Thread 0x000002609f2f58a0 DEOPT PACKING pc=0x0000026086fd76f4 sp=0x000000e474cfd0d0
Event: 2190.340 Thread 0x000002609f2f58a0 DEOPT UNPACKING pc=0x0000026086684e42 sp=0x000000e474cfc5c0 mode 1
Event: 2255.701 Thread 0x000002609e9e0470 DEOPT PACKING pc=0x000002608762c54c sp=0x000000e4717feda0
Event: 2255.701 Thread 0x000002609e9e0470 DEOPT UNPACKING pc=0x0000026086684e42 sp=0x000000e4717fe2d8 mode 1
Event: 2255.701 Thread 0x000002609e9e0470 DEOPT PACKING pc=0x0000026087632224 sp=0x000000e4717feea0
Event: 2255.701 Thread 0x000002609e9e0470 DEOPT UNPACKING pc=0x0000026086684e42 sp=0x000000e4717fe488 mode 1
Event: 2297.781 Thread 0x0000026096dd9180 DEOPT PACKING pc=0x00000260875f67bc sp=0x000000e4755fe630
Event: 2297.781 Thread 0x0000026096dd9180 DEOPT UNPACKING pc=0x0000026086684e42 sp=0x000000e4755fdae8 mode 1
Event: 2297.781 Thread 0x0000026096dd9180 DEOPT PACKING pc=0x0000026086fd9504 sp=0x000000e4755fe760
Event: 2297.781 Thread 0x0000026096dd9180 DEOPT UNPACKING pc=0x0000026086684e42 sp=0x000000e4755fdc60 mode 1
Event: 2297.781 Thread 0x0000026096dd9180 DEOPT PACKING pc=0x0000026086fd76f4 sp=0x000000e4755fe900
Event: 2297.781 Thread 0x0000026096dd9180 DEOPT UNPACKING pc=0x0000026086684e42 sp=0x000000e4755fddf0 mode 1
Event: 2297.794 Thread 0x0000026096dd9180 DEOPT PACKING pc=0x000002608772fc84 sp=0x000000e4755feff0
Event: 2297.794 Thread 0x0000026096dd9180 DEOPT UNPACKING pc=0x0000026086684e42 sp=0x000000e4755fe488 mode 0
Event: 2297.794 Thread 0x0000026096dd9180 DEOPT PACKING pc=0x0000026087736194 sp=0x000000e4755ff100
Event: 2297.794 Thread 0x0000026096dd9180 DEOPT UNPACKING pc=0x0000026086684e42 sp=0x000000e4755fe6c0 mode 0
Event: 2338.022 Thread 0x0000026096dd9180 DEOPT PACKING pc=0x00000260875f67bc sp=0x000000e4755fe630
Event: 2338.022 Thread 0x0000026096dd9180 DEOPT UNPACKING pc=0x0000026086684e42 sp=0x000000e4755fdad8 mode 0

Classes loaded (20 events):
Event: 189.620 Loading class java/util/zip/GZIPInputStream
Event: 189.621 Loading class java/util/zip/GZIPInputStream done
Event: 189.621 Loading class java/util/zip/GZIPOutputStream
Event: 189.621 Loading class java/util/zip/GZIPOutputStream done
Event: 189.668 Loading class sun/nio/cs/US_ASCII$Encoder
Event: 189.668 Loading class sun/nio/cs/US_ASCII$Encoder done
Event: 189.668 Loading class sun/nio/cs/Surrogate$Parser
Event: 189.668 Loading class sun/nio/cs/Surrogate$Parser done
Event: 189.668 Loading class sun/nio/cs/Surrogate
Event: 189.669 Loading class sun/nio/cs/Surrogate done
Event: 189.684 Loading class java/text/NumberFormat$Field
Event: 189.684 Loading class java/text/NumberFormat$Field done
Event: 196.011 Loading class java/util/zip/CRC32C
Event: 196.011 Loading class java/util/zip/CRC32C done
Event: 662.222 Loading class java/util/ArrayDeque$DescendingIterator
Event: 662.223 Loading class java/util/ArrayDeque$DescendingIterator done
Event: 779.801 Loading class java/time/DurationEditor
Event: 779.801 Loading class java/time/DurationEditor done
Event: 1955.074 Loading class java/time/DurationEditor
Event: 1955.075 Loading class java/time/DurationEditor done

Classes unloaded (20 events):
Event: 2235.243 Thread 0x00000260917c87f0 Unloading class 0x0000000800f65400 'java/lang/invoke/LambdaForm$MH+0x0000000800f65400'
Event: 2235.243 Thread 0x00000260917c87f0 Unloading class 0x0000000800f59400 'java/lang/invoke/LambdaForm$MH+0x0000000800f59400'
Event: 2235.243 Thread 0x00000260917c87f0 Unloading class 0x0000000800cc4c00 'java/lang/invoke/LambdaForm$MH+0x0000000800cc4c00'
Event: 2235.243 Thread 0x00000260917c87f0 Unloading class 0x0000000800bf9400 'java/lang/invoke/LambdaForm$MH+0x0000000800bf9400'
Event: 2235.243 Thread 0x00000260917c87f0 Unloading class 0x0000000800b99400 'java/lang/invoke/LambdaForm$MH+0x0000000800b99400'
Event: 2235.243 Thread 0x00000260917c87f0 Unloading class 0x0000000800b98800 'java/lang/invoke/LambdaForm$MH+0x0000000800b98800'
Event: 2235.243 Thread 0x00000260917c87f0 Unloading class 0x000000080063d000 'java/lang/invoke/LambdaForm$MH+0x000000080063d000'
Event: 2235.243 Thread 0x00000260917c87f0 Unloading class 0x0000000800a02000 'java/lang/invoke/LambdaForm$MH+0x0000000800a02000'
Event: 2235.243 Thread 0x00000260917c87f0 Unloading class 0x0000000800974000 'java/lang/invoke/LambdaForm$MH+0x0000000800974000'
Event: 2235.243 Thread 0x00000260917c87f0 Unloading class 0x0000000800645000 'java/lang/invoke/LambdaForm$MH+0x0000000800645000'
Event: 2235.243 Thread 0x00000260917c87f0 Unloading class 0x00000008005b1c00 'java/lang/invoke/LambdaForm$MH+0x00000008005b1c00'
Event: 2235.243 Thread 0x00000260917c87f0 Unloading class 0x0000000800543400 'java/lang/invoke/LambdaForm$MH+0x0000000800543400'
Event: 2235.243 Thread 0x00000260917c87f0 Unloading class 0x0000000800541800 'java/lang/invoke/LambdaForm$MH+0x0000000800541800'
Event: 2235.243 Thread 0x00000260917c87f0 Unloading class 0x0000000800495800 'java/lang/invoke/LambdaForm$MH+0x0000000800495800'
Event: 2235.243 Thread 0x00000260917c87f0 Unloading class 0x0000000800494000 'java/lang/invoke/LambdaForm$MH+0x0000000800494000'
Event: 2235.243 Thread 0x00000260917c87f0 Unloading class 0x000000080028b800 'java/lang/invoke/LambdaForm$MH+0x000000080028b800'
Event: 2235.243 Thread 0x00000260917c87f0 Unloading class 0x0000000800192c00 'java/lang/invoke/LambdaForm$MH+0x0000000800192c00'
Event: 2235.243 Thread 0x00000260917c87f0 Unloading class 0x0000000800147800 'java/lang/invoke/LambdaForm$MH+0x0000000800147800'
Event: 2235.243 Thread 0x00000260917c87f0 Unloading class 0x0000000800b7d800 'java/lang/invoke/LambdaForm$MH+0x0000000800b7d800'
Event: 2235.243 Thread 0x00000260917c87f0 Unloading class 0x0000000800a59000 'java/lang/invoke/LambdaForm$MH+0x0000000800a59000'

Classes redefined (10 events):
Event: 113.599 Thread 0x00000260917c87f0 redefined class name=com.redisdemo.redis.redisservice.RedisService, count=1
Event: 775.700 Thread 0x00000260917c87f0 redefined class name=com.redisdemo.redis.redisservice.RedisService, count=1
Event: 775.700 Thread 0x00000260917c87f0 redefined class name=com.redisdemo.redis.redisservice.RedisService, count=2
Event: 1951.180 Thread 0x00000260917c87f0 redefined class name=com.redisdemo.redis.redisservice.RedisService, count=2
Event: 1951.180 Thread 0x00000260917c87f0 redefined class name=com.redisdemo.redis.redisservice.RedisService, count=1
Event: 1951.180 Thread 0x00000260917c87f0 redefined class name=com.redisdemo.redis.redisservice.RedisService, count=3
Event: 2338.065 Thread 0x00000260917c87f0 redefined class name=com.redisdemo.redis.kafkaconsumer.OrderListenerFromVendorService, count=1
Event: 2338.065 Thread 0x00000260917c87f0 redefined class name=com.redisdemo.redis.kafkaconsumer.OrderListenerFromVendorService, count=1
Event: 2338.065 Thread 0x00000260917c87f0 redefined class name=com.redisdemo.redis.kafkaconsumer.OrderListenerFromVendorService, count=1
Event: 2338.065 Thread 0x00000260917c87f0 redefined class name=com.redisdemo.redis.kafkaconsumer.OrderListenerFromVendorService, count=1

Internal exceptions (20 events):
Event: 1954.226 Thread 0x000002609f2f8000 Exception <a 'java/lang/NoClassDefFoundError'{0x0000000716bf58f8}: org/springframework/batch/core/repository/JobRepository> (0x0000000716bf58f8) 
thrown [s\src\hotspot\share\oops\constantPool.cpp, line 873]
Event: 1954.228 Thread 0x000002609f2f8000 Exception <a 'java/lang/NoClassDefFoundError'{0x0000000716bf5f50}: org/quartz/Scheduler> (0x0000000716bf5f50) 
thrown [s\src\hotspot\share\oops\constantPool.cpp, line 873]
Event: 1954.229 Thread 0x000002609f2f8000 Exception <a 'java/lang/NoClassDefFoundError'{0x0000000716bf65d0}: org/springframework/session/jdbc/JdbcIndexedSessionRepository> (0x0000000716bf65d0) 
thrown [s\src\hotspot\share\oops\constantPool.cpp, line 873]
Event: 1954.236 Thread 0x000002609f2f8000 Exception <a 'java/lang/NoSuchMethodError'{0x00000007168a4218}: 'void java.lang.invoke.DelegatingMethodHandle$Holder.reinvoke_L(java.lang.Object, java.lang.Object, int)'> (0x00000007168a4218) 
thrown [s\src\hotspot\share\interpreter\linkResolver.cpp, line 773]
Event: 1954.330 Thread 0x000002609f2f8000 Exception <a 'java/lang/NoSuchMethodError'{0x0000000715eca920}: 'int java.lang.invoke.DirectMethodHandle$Holder.invokeVirtual(java.lang.Object, java.lang.Object, java.lang.Object, java.lang.Object)'> (0x0000000715eca920) 
thrown [s\src\hotspot\share\interpreter\linkResolver.cpp, line 773]
Event: 1954.331 Thread 0x000002609f2f8000 Exception <a 'java/lang/NoSuchMethodError'{0x0000000715ecdee8}: 'int java.lang.invoke.DelegatingMethodHandle$Holder.reinvoke_L(java.lang.Object, java.lang.Object, java.lang.Object, java.lang.Object)'> (0x0000000715ecdee8) 
thrown [s\src\hotspot\share\interpreter\linkResolver.cpp, line 773]
Event: 1954.339 Thread 0x000002609f2f8000 Exception <a 'java/io/FileNotFoundException'{0x0000000715f1f120}> (0x0000000715f1f120) 
thrown [s\src\hotspot\share\prims\jni.cpp, line 520]
Event: 1954.978 Thread 0x000002609f2f8000 Exception <a 'java/io/FileNotFoundException'{0x00000007173ca620}> (0x00000007173ca620) 
thrown [s\src\hotspot\share\prims\jni.cpp, line 520]
Event: 1955.570 Thread 0x000002609f2f8000 Exception <a 'java/lang/NoSuchMethodError'{0x0000000716ad6468}: 'java.lang.Object java.lang.invoke.DelegatingMethodHandle$Holder.reinvoke_L(java.lang.Object, java.lang.Object, java.lang.Object, java.lang.Object, java.lang.Object, java.lang.Object, java.lang.Object, java.lang.Object, java.lang.Object, java.lang.Object, java.lang.Object, java.lang.Object, java.lang.Object)'> (0x0000000716ad6468) 
thrown [s\src\hotspot\share\interpreter\linkResolver.cpp, line 773]
Event: 1955.637 Thread 0x000002609f2f8000 Exception <a 'java/net/BindException'{0x0000000721869770}: Address already in use: bind> (0x0000000721869770) 
thrown [s\src\hotspot\share\prims\jni.cpp, line 539]
Event: 1955.653 Thread 0x000002609f2f8000 Exception <a 'java/lang/NoSuchMethodError'{0x00000007219fb588}: 'double java.lang.invoke.DirectMethodHandle$Holder.invokeVirtual(java.lang.Object, java.lang.Object)'> (0x00000007219fb588) 
thrown [s\src\hotspot\share\interpreter\linkResolver.cpp, line 773]
Event: 1955.653 Thread 0x000002609f2f8000 Exception <a 'java/lang/NoSuchMethodError'{0x00000007219feb58}: 'double java.lang.invoke.DelegatingMethodHandle$Holder.reinvoke_L(java.lang.Object, java.lang.Object)'> (0x00000007219feb58) 
thrown [s\src\hotspot\share\interpreter\linkResolver.cpp, line 773]
Event: 1955.654 Thread 0x000002609f2f8000 Exception <a 'java/lang/NoSuchMethodError'{0x000000071b808d68}: 'void java.lang.invoke.DirectMethodHandle$Holder.invokeVirtual(java.lang.Object, java.lang.Object, double)'> (0x000000071b808d68) 
thrown [s\src\hotspot\share\interpreter\linkResolver.cpp, line 773]
Event: 1955.654 Thread 0x000002609f2f8000 Exception <a 'java/lang/NoSuchMethodError'{0x000000071b80fc80}: 'void java.lang.invoke.DelegatingMethodHandle$Holder.reinvoke_L(java.lang.Object, java.lang.Object, double)'> (0x000000071b80fc80) 
thrown [s\src\hotspot\share\interpreter\linkResolver.cpp, line 773]
Event: 1955.655 Thread 0x000002609f2f8000 Exception <a 'java/lang/NoSuchMethodError'{0x000000071b81ce18}: 'long java.lang.invoke.DelegatingMethodHandle$Holder.reinvoke_L(java.lang.Object, java.lang.Object)'> (0x000000071b81ce18) 
thrown [s\src\hotspot\share\interpreter\linkResolver.cpp, line 773]
Event: 1955.655 Thread 0x000002609f2f8000 Exception <a 'java/lang/NoSuchMethodError'{0x000000071b826a60}: 'void java.lang.invoke.DelegatingMethodHandle$Holder.reinvoke_L(java.lang.Object, java.lang.Object, long)'> (0x000000071b826a60) 
thrown [s\src\hotspot\share\interpreter\linkResolver.cpp, line 773]
Event: 1955.657 Thread 0x000002609f2f8000 Exception <a 'java/lang/NoSuchMethodError'{0x000000071b83ff40}: 'float java.lang.invoke.DirectMethodHandle$Holder.invokeVirtual(java.lang.Object, java.lang.Object)'> (0x000000071b83ff40) 
thrown [s\src\hotspot\share\interpreter\linkResolver.cpp, line 773]
Event: 1955.657 Thread 0x000002609f2f8000 Exception <a 'java/lang/NoSuchMethodError'{0x000000071b843510}: 'float java.lang.invoke.DelegatingMethodHandle$Holder.reinvoke_L(java.lang.Object, java.lang.Object)'> (0x000000071b843510) 
thrown [s\src\hotspot\share\interpreter\linkResolver.cpp, line 773]
Event: 1955.657 Thread 0x000002609f2f8000 Exception <a 'java/lang/NoSuchMethodError'{0x000000071b84d168}: 'void java.lang.invoke.DelegatingMethodHandle$Holder.reinvoke_L(java.lang.Object, java.lang.Object, float)'> (0x000000071b84d168) 
thrown [s\src\hotspot\share\interpreter\linkResolver.cpp, line 773]
Event: 2102.040 Thread 0x0000026096943470 Exception <a 'java/lang/NoSuchMethodError'{0x00000007177f55b8}: static [B.<clinit>()V> (0x00000007177f55b8) 
thrown [s\src\hotspot\share\prims\jni.cpp, line 1111]

ZGC Phase Switch (0 events):
No events

VM Operations (20 events):
Event: 2338.161 Executing VM operation: ChangeBreakpoints
Event: 2338.166 Executing VM operation: ChangeBreakpoints done
Event: 2338.252 Executing VM operation: ChangeBreakpoints
Event: 2338.258 Executing VM operation: ChangeBreakpoints done
Event: 2338.262 Executing VM operation: ChangeBreakpoints
Event: 2338.270 Executing VM operation: ChangeBreakpoints done
Event: 2338.276 Executing VM operation: ChangeBreakpoints
Event: 2338.282 Executing VM operation: ChangeBreakpoints done
Event: 2338.286 Executing VM operation: ChangeBreakpoints
Event: 2338.293 Executing VM operation: ChangeBreakpoints done
Event: 2338.377 Executing VM operation: ChangeBreakpoints
Event: 2338.383 Executing VM operation: ChangeBreakpoints done
Event: 2338.389 Executing VM operation: ChangeBreakpoints
Event: 2338.395 Executing VM operation: ChangeBreakpoints done
Event: 2338.399 Executing VM operation: ChangeBreakpoints
Event: 2338.406 Executing VM operation: ChangeBreakpoints done
Event: 2338.412 Executing VM operation: ChangeBreakpoints
Event: 2338.418 Executing VM operation: ChangeBreakpoints done
Event: 2338.423 Executing VM operation: ChangeSingleStep
Event: 2338.423 Executing VM operation: ChangeSingleStep done

Events (20 events):
Event: 2235.260 Thread 0x00000260917c87f0 flushing nmethod 0x00000260868a5310
Event: 2235.260 Thread 0x00000260917c87f0 flushing nmethod 0x00000260868a3590
Event: 2235.260 Thread 0x00000260917c87f0 flushing nmethod 0x0000026086886890
Event: 2235.260 Thread 0x00000260917c87f0 flushing nmethod 0x0000026086865f10
Event: 2235.260 Thread 0x00000260917c87f0 flushing nmethod 0x0000026086870810
Event: 2235.260 Thread 0x00000260917c87f0 flushing nmethod 0x0000026086841190
Event: 2235.260 Thread 0x00000260917c87f0 flushing nmethod 0x00000260867c0d10
Event: 2235.260 Thread 0x00000260917c87f0 flushing nmethod 0x000002608681a710
Event: 2235.260 Thread 0x00000260917c87f0 flushing nmethod 0x0000026086812d90
Event: 2235.260 Thread 0x00000260917c87f0 flushing nmethod 0x000002608680cc90
Event: 2235.260 Thread 0x00000260917c87f0 flushing nmethod 0x0000026086809a90
Event: 2235.260 Thread 0x00000260917c87f0 flushing nmethod 0x0000026086808090
Event: 2235.260 Thread 0x00000260917c87f0 flushing nmethod 0x00000260867fb990
Event: 2235.260 Thread 0x00000260917c87f0 flushing nmethod 0x00000260867cd010
Event: 2235.260 Thread 0x00000260917c87f0 flushing nmethod 0x00000260867a8d90
Event: 2235.260 Thread 0x00000260917c87f0 flushing nmethod 0x00000260867ba310
Event: 2235.260 Thread 0x00000260917c87f0 flushing nmethod 0x0000026086794710
Event: 2235.260 Thread 0x00000260917c87f0 flushing nmethod 0x0000026086793590
Event: 2235.260 Thread 0x00000260917c87f0 flushing nmethod 0x000002608678b790
Event: 2235.260 Thread 0x00000260917c87f0 flushing nmethod 0x0000026086758c10


Dynamic libraries:
0x00007ff6deff0000 - 0x00007ff6deffe000 	C:\My_Installations\sts-4.24.0.RELEASE\plugins\org.eclipse.justj.openjdk.hotspot.jre.full.win32.x86_64_21.0.3.v20240426-1530\jre\bin\javaw.exe
0x00007ffd06310000 - 0x00007ffd06527000 	C:\Windows\SYSTEM32\ntdll.dll
0x00007ffd05320000 - 0x00007ffd053e4000 	C:\Windows\System32\KERNEL32.DLL
0x00007ffd036f0000 - 0x00007ffd03aa7000 	C:\Windows\System32\KERNELBASE.dll
0x00007ffd03ab0000 - 0x00007ffd03bc1000 	C:\Windows\System32\ucrtbase.dll
0x00007ffc84070000 - 0x00007ffc84088000 	C:\My_Installations\sts-4.24.0.RELEASE\plugins\org.eclipse.justj.openjdk.hotspot.jre.full.win32.x86_64_21.0.3.v20240426-1530\jre\bin\jli.dll
0x00007ffcf2880000 - 0x00007ffcf289b000 	C:\My_Installations\sts-4.24.0.RELEASE\plugins\org.eclipse.justj.openjdk.hotspot.jre.full.win32.x86_64_21.0.3.v20240426-1530\jre\bin\VCRUNTIME140.dll
0x00007ffd05520000 - 0x00007ffd056cf000 	C:\Windows\System32\USER32.dll
0x00007ffd03620000 - 0x00007ffd03646000 	C:\Windows\System32\win32u.dll
0x00007ffcef150000 - 0x00007ffcef3e3000 	C:\Windows\WinSxS\amd64_microsoft.windows.common-controls_6595b64144ccf1df_6.0.22621.3672_none_2713b9d173822955\COMCTL32.dll
0x00007ffd05d70000 - 0x00007ffd05e17000 	C:\Windows\System32\msvcrt.dll
0x00007ffd04430000 - 0x00007ffd04459000 	C:\Windows\System32\GDI32.dll
0x00007ffd03f20000 - 0x00007ffd04038000 	C:\Windows\System32\gdi32full.dll
0x00007ffd03650000 - 0x00007ffd036ea000 	C:\Windows\System32\msvcp_win.dll
0x00007ffd05ac0000 - 0x00007ffd05af1000 	C:\Windows\System32\IMM32.DLL
0x0000026081120000 - 0x0000026081136000 	C:\Windows\System32\umppc20505.dll
0x0000026081160000 - 0x0000026081174000 	C:\Windows\System32\CsXumd64_20505.dll
0x00007ffced500000 - 0x00007ffced50c000 	C:\My_Installations\sts-4.24.0.RELEASE\plugins\org.eclipse.justj.openjdk.hotspot.jre.full.win32.x86_64_21.0.3.v20240426-1530\jre\bin\vcruntime140_1.dll
0x00007ffcc0a90000 - 0x00007ffcc0b1e000 	C:\My_Installations\sts-4.24.0.RELEASE\plugins\org.eclipse.justj.openjdk.hotspot.jre.full.win32.x86_64_21.0.3.v20240426-1530\jre\bin\msvcp140.dll
0x00007ffc76d60000 - 0x00007ffc77ae2000 	C:\My_Installations\sts-4.24.0.RELEASE\plugins\org.eclipse.justj.openjdk.hotspot.jre.full.win32.x86_64_21.0.3.v20240426-1530\jre\bin\server\jvm.dll
0x00007ffd05250000 - 0x00007ffd05302000 	C:\Windows\System32\ADVAPI32.dll
0x00007ffd056d0000 - 0x00007ffd05778000 	C:\Windows\System32\sechost.dll
0x00007ffd03c40000 - 0x00007ffd03c68000 	C:\Windows\System32\bcrypt.dll
0x00007ffd041b0000 - 0x00007ffd042c4000 	C:\Windows\System32\RPCRT4.dll
0x00007ffd05780000 - 0x00007ffd057f1000 	C:\Windows\System32\WS2_32.dll
0x00007ffd03290000 - 0x00007ffd032dd000 	C:\Windows\SYSTEM32\POWRPROF.dll
0x00007ffd00e20000 - 0x00007ffd00e54000 	C:\Windows\SYSTEM32\WINMM.dll
0x00007ffcfce30000 - 0x00007ffcfce3a000 	C:\Windows\SYSTEM32\VERSION.dll
0x00007ffd03270000 - 0x00007ffd03283000 	C:\Windows\SYSTEM32\UMPDC.dll
0x00007ffd02630000 - 0x00007ffd02648000 	C:\Windows\SYSTEM32\kernel.appcore.dll
0x00007ffcda900000 - 0x00007ffcda90a000 	C:\My_Installations\sts-4.24.0.RELEASE\plugins\org.eclipse.justj.openjdk.hotspot.jre.full.win32.x86_64_21.0.3.v20240426-1530\jre\bin\jimage.dll
0x00007ffd00ba0000 - 0x00007ffd00dd2000 	C:\Windows\SYSTEM32\DBGHELP.DLL
0x00007ffd05e20000 - 0x00007ffd061ae000 	C:\Windows\System32\combase.dll
0x00007ffd04ce0000 - 0x00007ffd04db7000 	C:\Windows\System32\OLEAUT32.dll
0x00007ffd00de0000 - 0x00007ffd00e12000 	C:\Windows\SYSTEM32\dbgcore.DLL
0x00007ffd03c70000 - 0x00007ffd03ceb000 	C:\Windows\System32\bcryptPrimitives.dll
0x00007ffcdf9c0000 - 0x00007ffcdf9fc000 	C:\My_Installations\sts-4.24.0.RELEASE\plugins\org.eclipse.justj.openjdk.hotspot.jre.full.win32.x86_64_21.0.3.v20240426-1530\jre\bin\jdwp.dll
0x00007ffcda8f0000 - 0x00007ffcda8ff000 	C:\My_Installations\sts-4.24.0.RELEASE\plugins\org.eclipse.justj.openjdk.hotspot.jre.full.win32.x86_64_21.0.3.v20240426-1530\jre\bin\instrument.dll
0x00007ffc84090000 - 0x00007ffc840af000 	C:\My_Installations\sts-4.24.0.RELEASE\plugins\org.eclipse.justj.openjdk.hotspot.jre.full.win32.x86_64_21.0.3.v20240426-1530\jre\bin\java.dll
0x00007ffc84050000 - 0x00007ffc84068000 	C:\My_Installations\sts-4.24.0.RELEASE\plugins\org.eclipse.justj.openjdk.hotspot.jre.full.win32.x86_64_21.0.3.v20240426-1530\jre\bin\zip.dll
0x00007ffd04460000 - 0x00007ffd04cc9000 	C:\Windows\System32\SHELL32.dll
0x00007ffd013b0000 - 0x00007ffd01caf000 	C:\Windows\SYSTEM32\windows.storage.dll
0x00007ffd01220000 - 0x00007ffd0135f000 	C:\Windows\SYSTEM32\wintypes.dll
0x00007ffd061b0000 - 0x00007ffd062a9000 	C:\Windows\System32\SHCORE.dll
0x00007ffd05b00000 - 0x00007ffd05b5e000 	C:\Windows\System32\shlwapi.dll
0x00007ffd03550000 - 0x00007ffd03577000 	C:\Windows\SYSTEM32\profapi.dll
0x00007ffcfcf50000 - 0x00007ffcfcf5b000 	C:\My_Installations\sts-4.24.0.RELEASE\plugins\org.eclipse.justj.openjdk.hotspot.jre.full.win32.x86_64_21.0.3.v20240426-1530\jre\bin\dt_socket.dll
0x00007ffd01eb0000 - 0x00007ffd01edd000 	C:\Windows\SYSTEM32\IPHLPAPI.DLL
0x00007ffd02a90000 - 0x00007ffd02af9000 	C:\Windows\system32\mswsock.dll
0x00007ffd01ee0000 - 0x00007ffd01fe2000 	C:\Windows\SYSTEM32\DNSAPI.dll
0x00007ffd04040000 - 0x00007ffd04049000 	C:\Windows\System32\NSI.dll
0x00007ffcfdfb0000 - 0x00007ffcfdfba000 	C:\Windows\System32\rasadhlp.dll
0x00007ffcfe140000 - 0x00007ffcfe1c3000 	C:\Windows\System32\fwpuclnt.dll
0x00007ffc84040000 - 0x00007ffc84050000 	C:\My_Installations\sts-4.24.0.RELEASE\plugins\org.eclipse.justj.openjdk.hotspot.jre.full.win32.x86_64_21.0.3.v20240426-1530\jre\bin\net.dll
0x00007ffcfe690000 - 0x00007ffcfe7c6000 	C:\Windows\SYSTEM32\WINHTTP.dll
0x00007ffc84020000 - 0x00007ffc84036000 	C:\My_Installations\sts-4.24.0.RELEASE\plugins\org.eclipse.justj.openjdk.hotspot.jre.full.win32.x86_64_21.0.3.v20240426-1530\jre\bin\nio.dll
0x00007ffcc0a80000 - 0x00007ffcc0a8a000 	C:\My_Installations\sts-4.24.0.RELEASE\plugins\org.eclipse.justj.openjdk.hotspot.jre.full.win32.x86_64_21.0.3.v20240426-1530\jre\bin\management.dll
0x00007ffcc0a70000 - 0x00007ffcc0a7b000 	C:\My_Installations\sts-4.24.0.RELEASE\plugins\org.eclipse.justj.openjdk.hotspot.jre.full.win32.x86_64_21.0.3.v20240426-1530\jre\bin\management_ext.dll
0x00007ffd05310000 - 0x00007ffd05318000 	C:\Windows\System32\PSAPI.DLL
0x00007ffce1e70000 - 0x00007ffce1e87000 	C:\Windows\system32\napinsp.dll
0x00007ffce1e90000 - 0x00007ffce1eab000 	C:\Windows\system32\pnrpnsp.dll
0x00007ffce1eb0000 - 0x00007ffce1ec1000 	C:\Windows\System32\winrnr.dll
0x00007ffcfc620000 - 0x00007ffcfc635000 	C:\Windows\system32\wshbth.dll
0x00007ffce1ed0000 - 0x00007ffce1ef7000 	C:\Windows\system32\nlansp_c.dll
0x00007ffd02de0000 - 0x00007ffd02dfb000 	C:\Windows\SYSTEM32\CRYPTSP.dll
0x00007ffd02590000 - 0x00007ffd025c5000 	C:\Windows\system32\rsaenh.dll
0x00007ffd02b30000 - 0x00007ffd02b58000 	C:\Windows\SYSTEM32\USERENV.dll
0x00007ffd02dc0000 - 0x00007ffd02dcc000 	C:\Windows\SYSTEM32\CRYPTBASE.dll
0x00007ffced590000 - 0x00007ffced599000 	C:\My_Installations\sts-4.24.0.RELEASE\plugins\org.eclipse.justj.openjdk.hotspot.jre.full.win32.x86_64_21.0.3.v20240426-1530\jre\bin\extnet.dll
0x00007ffc85160000 - 0x00007ffc85170000 	C:\My_Installations\sts-4.24.0.RELEASE\plugins\org.eclipse.justj.openjdk.hotspot.jre.full.win32.x86_64_21.0.3.v20240426-1530\jre\bin\verify.dll
0x00007ffc84cd0000 - 0x00007ffc84cde000 	C:\My_Installations\sts-4.24.0.RELEASE\plugins\org.eclipse.justj.openjdk.hotspot.jre.full.win32.x86_64_21.0.3.v20240426-1530\jre\bin\sunmscapi.dll
0x00007ffd03cf0000 - 0x00007ffd03e56000 	C:\Windows\System32\CRYPT32.dll
0x00007ffd02f60000 - 0x00007ffd02f8d000 	C:\Windows\SYSTEM32\ncrypt.dll
0x00007ffd02f20000 - 0x00007ffd02f57000 	C:\Windows\SYSTEM32\NTASN1.dll
0x00007ffced580000 - 0x00007ffced588000 	C:\Windows\system32\wshunix.dll

dbghelp: loaded successfully - version: 4.0.5 - missing functions: none
symbol engine: initialized successfully - sym options: 0x614 - pdb path: .;C:\My_Installations\sts-4.24.0.RELEASE\plugins\org.eclipse.justj.openjdk.hotspot.jre.full.win32.x86_64_21.0.3.v20240426-1530\jre\bin;C:\Windows\SYSTEM32;C:\Windows\WinSxS\amd64_microsoft.windows.common-controls_6595b64144ccf1df_6.0.22621.3672_none_2713b9d173822955;C:\My_Installations\sts-4.24.0.RELEASE\plugins\org.eclipse.justj.openjdk.hotspot.jre.full.win32.x86_64_21.0.3.v20240426-1530\jre\bin\server

VM Arguments:
jvm_args: -XX:+ShowCodeDetailsInExceptionMessages -agentlib:jdwp=transport=dt_socket,suspend=y,address=localhost:52013 -Dcom.sun.management.jmxremote -Dcom.sun.management.jmxremote.port=52012 -Dcom.sun.management.jmxremote.authenticate=false -Dcom.sun.management.jmxremote.ssl=false -Djava.rmi.server.hostname=localhost -Dspring.jmx.enabled=true -Dmanagement.endpoints.jmx.exposure.include=* -Dspring.application.admin.enabled=true -Duser.timezone=Asia/Kolkata -Dspring.output.ansi.enabled=always -XX:TieredStopAtLevel=1 -Dspring.boot.project.name=redis-demonstrtion -javaagent:C:\My_Installations\sts-4.24.0.RELEASE\configuration\org.eclipse.osgi\818\0\.cp\lib\javaagent-shaded.jar -Dfile.encoding=UTF-8 -Dstdout.encoding=UTF-8 -Dstderr.encoding=UTF-8 
java_command: com.redisdemo.redis.RedisApplication
java_class_path (initial): D:\My_Understanding\redis-demonstrtion\target\classes;C:\Users\surrya.s\.m2\repository\org\springframework\boot\spring-boot-starter-data-jpa\3.5.9\spring-boot-starter-data-jpa-3.5.9.jar;C:\Users\surrya.s\.m2\repository\org\springframework\boot\spring-boot-starter\3.5.9\spring-boot-starter-3.5.9.jar;C:\Users\surrya.s\.m2\repository\org\springframework\boot\spring-boot-starter-logging\3.5.9\spring-boot-starter-logging-3.5.9.jar;C:\Users\surrya.s\.m2\repository\ch\qos\logback\logback-classic\1.5.22\logback-classic-1.5.22.jar;C:\Users\surrya.s\.m2\repository\ch\qos\logback\logback-core\1.5.22\logback-core-1.5.22.jar;C:\Users\surrya.s\.m2\repository\org\apache\logging\log4j\log4j-to-slf4j\2.24.3\log4j-to-slf4j-2.24.3.jar;C:\Users\surrya.s\.m2\repository\org\apache\logging\log4j\log4j-api\2.24.3\log4j-api-2.24.3.jar;C:\Users\surrya.s\.m2\repository\org\slf4j\jul-to-slf4j\2.0.17\jul-to-slf4j-2.0.17.jar;C:\Users\surrya.s\.m2\repository\jakarta\annotation\jakarta.annotation-api\2.1.1\jakarta.annotation-api-2.1.1.jar;C:\Users\surrya.s\.m2\repository\org\yaml\snakeyaml\2.4\snakeyaml-2.4.jar;C:\Users\surrya.s\.m2\repository\org\springframework\boot\spring-boot-starter-jdbc\3.5.9\spring-boot-starter-jdbc-3.5.9.jar;C:\Users\surrya.s\.m2\repository\com\zaxxer\HikariCP\6.3.3\HikariCP-6.3.3.jar;C:\Users\surrya.s\.m2\repository\org\springframework\spring-jdbc\6.2.15\spring-jdbc-6.2.15.jar;C:\Users\surrya.s\.m2\repository\org\hibernate\orm\hibernate-core\6.6.39.Final\hibernate-core-6.6.39.Final.jar;C:\Users\surrya.s\.m2\repository\jakarta\persistence\jakarta.persistence-api\3.1.0\jakarta.persistence-api-3.1.0.jar;C:\Users\surrya.s\.m2\repository\jakarta\transaction\jakarta.transaction-api\2.0.1\jakarta.transaction-api-2.0.1.jar;C:\Users\surrya.s\.m2\repository\org\jboss\logging\jboss-logging\3.6.1.Final\jboss-logging-3.6.1.Final.jar;C:\Users\surrya.s\.m2\repository\org\hibernate\common\hibernate-commons-annotations\7.0.3.Final\hibernate-commons-annotations-7.0.3.Final.jar;C:\Users\surrya.s\.m2\repository\io\smallrye\jandex\3.2.0\jandex-3.2.0.jar;C:\Users\surrya.s\.m2\repository\com\fasterxml\classmate\1.7.1\classmate-1.7.1.jar;C:\Users\surrya.s\.m2\repository\net\bytebuddy\byte-buddy\1.17.8\byte-buddy-1.17.8.jar;C:\Users\surrya.s\.m2\repository\org\glassfish\jaxb\jaxb-runtime\4.0.6\jaxb-runtime-4.0.6.jar;C:\Users\surrya.s\.m2\repository\org\glassfish\jaxb\jaxb-core\4.0.6\jaxb-core-4.0.6.jar;C:\Users\surrya.s\.m2\repository\org\eclipse\angus\angus-activation\2.0.3\angus-activation-2.0.3.jar;C:\Users\surrya.s\.m2\repository\org\glassfish\jaxb\txw2\4.0.6\txw2-4.0.6.jar;C:\Users\surrya.s\.m2\repository\com\sun\istack\istack-commons-runtime\4.1.2\istack-commons-runtime-4.1.2.jar;C:\Users\surrya.s\.m2\repository\jakarta\inject\jakarta.inject-api\2.0.1\jakarta.inject-api-2.0.1.jar;C:\Users\surrya.s\.m2\repository\org\antlr\antlr4-runtime\4.13.0\antlr4-runtime-4.13.0.jar;C:\Users\surrya.s\.m2\repository\org\springframework\data\spring-data-jpa\3.5.7\spring-data-jpa-3.5.7.jar;C:\Users\surrya.s\.m2\repository\org\springframework\data\spring-data-commons\3.5.7\spring-data-commons-3.5.7.jar;C:\Users\surrya.s\.m2\repository\org\springframework\spring-orm\6.2.15\spring-orm-6.2.15.jar;C:\Users\surrya.s\.m2\repository\org\springframework\spring-beans\6.2.15\spring-beans-6.2.15.jar;C:\Users\surrya.s\.m2\repository\org\slf4j\slf4j-api\2.0.17\slf4j-api-2.0.17.jar;C:\Users\surrya.s\.m2\repository\org\springframework\spring-aspects\6.2.15\spring-aspects-6.2.15.jar;C:\Users\surrya.s\.m2\repository\org\aspectj\aspectjweaver\1.9.25.1\aspectjweaver-1.9.25.1.jar;C:\Users\surrya.s\.m2\repository\org\springframework\boot\spring-boot-starter-data-redis\3.5.9\spring-boot-starter-data-redis-3.5.9.jar;C:\Users\surrya.s\.m2\repository\io\lettuce\lettuce-core\6.6.0.RELEASE\lettuce-core-6.6.0.RELEASE.jar;C:\Users\surrya.s\.m2\repository\redis\clients\authentication\redis-authx-core\0.1.1-beta2\redis-authx-core-0.1.1-beta2.jar;C:\Users\surrya.s\.m2\repository\io\netty\netty-common\4.1.130.Final\netty-common-4.1.130.Final.jar;C:\Users\surrya.s\.m2\repository\io\netty\netty-handler\4.1.130.Final\netty-handler-4.1.130.Final.jar;C:\Users\surrya.s\.m2\repository\io\netty\netty-resolver\4.1.130.Final\netty-resolver-4.1.130.Final.jar;C:\Users\surrya.s\.m2\repository\io\netty\netty-buffer\4.1.130.Final\netty-buffer-4.1.130.Final.jar;C:\Users\surrya.s\.m2\repository\io\netty\netty-transport-native-unix-common\4.1.130.Final\netty-transport-native-unix-common-4.1.130.Final.jar;C:\Users\surrya.s\.m2\repository\io\netty\netty-codec\4.1.130.Final\netty-codec-4.1.130.Final.jar;C:\Users\surrya.s\.m2\repository\io\netty\netty-transport\4.1.130.Final\netty-transport-4.1.130.Final.jar;C:\Users\surrya.s\.m2\repository\io\projectreactor\reactor-core\3.7.14\reactor-core-3.7.14.jar;C:\Users\surrya.s\.m2\repository\org\reactivestreams\reactive-streams\1.0.4\reactive-streams-1.0.4.jar;C:\Users\surrya.s\.m2\repository\org\springframework\data\spring-data-redis\3.5.7\spring-data-redis-3.5.7.jar;C:\Users\surrya.s\.m2\repository\org\springframework\data\spring-data-keyvalue\3.5.7\spring-data-keyvalue-3.5.7.jar;C:\Users\surrya.s\.m2\repository\org\springframework\spring-oxm\6.2.15\spring-oxm-6.2.15.jar;C:\Users\surrya.s\.m2\repository\org\springframework\spring-context-support\6.2.15\spring-context-support-6.2.15.jar;C:\Users\surrya.s\.m2\repository\org\springframework\boot\spring-boot-starter-validation\3.5.9\spring-boot-starter-validation-3.5.9.jar;C:\Users\surrya.s\.m2\repository\org\apache\tomcat\embed\tomcat-embed-el\10.1.50\tomcat-embed-el-10.1.50.jar;C:\Users\surrya.s\.m2\repository\org\hibernate\validator\hibernate-validator\8.0.3.Final\hibernate-validator-8.0.3.Final.jar;C:\Users\surrya.s\.m2\repository\jakarta\validation\jakarta.validation-api\3.0.2\jakarta.validation-api-3.0.2.jar;C:\Users\surrya.s\.m2\repository\org\springframework\boot\spring-boot-starter-web\3.5.9\spring-boot-starter-web-3.5.9.jar;C:\Users\surrya.s\.m2\repository\org\springframework\boot\spring-boot-starter-json\3.5.9\spring-boot-starter-json-3.5.9.jar;C:\Users\surrya.s\.m2\repository\com\fasterxml\jackson\datatype\jackson-datatype-jdk8\2.19.4\jackson-datatype-jdk8-2.19.4.jar;C:\Users\surrya.s\.m2\repository\com\fasterxml\jackson\datatype\jackson-datatype-jsr310\2.19.4\jackson-datatype-jsr310-2.19.4.jar;C:\Users\surrya.s\.m2\repository\com\fasterxml\jackson\module\jackson-module-parameter-names\2.19.4\jackson-module-parameter-names-2.19.4.jar;C:\Users\surrya.s\.m2\repository\org\springframework\boot\spring-boot-starter-tomcat\3.5.9\spring-boot-starter-tomcat-3.5.9.jar;C:\Users\surrya.s\.m2\repository\org\apache\tomcat\embed\tomcat-embed-core\10.1.50\tomcat-embed-core-10.1.50.jar;C:\Users\surrya.s\.m2\repository\org\apache\tomcat\embed\tomcat-embed-websocket\10.1.50\tomcat-embed-websocket-10.1.50.jar;C:\Users\surrya.s\.m2\repository\org\springframework\spring-web\6.2.15\spring-web-6.2.15.jar;C:\Users\surrya.s\.m2\repository\org\springframework\spring-webmvc\6.2.15\spring-webmvc-6.2.15.jar;C:\Users\surrya.s\.m2\repository\org\springframework\spring-expression\6.2.15\spring-expression-6.2.15.jar;C:\Users\surrya.s\.m2\repository\org\springframework\boot\spring-boot-devtools\3.5.9\spring-boot-devtools-3.5.9.jar;C:\Users\surrya.s\.m2\repository\org\springframework\boot\spring-boot\3.5.9\spring-boot-3.5.9.jar;C:\Users\surrya.s\.m2\repository\org\springframework\boot\spring-boot-autoconfigure\3.5.9\spring-boot-autoconfigure-3.5.9.jar;C:\Users\surrya.s\.m2\repository\com\h2database\h2\2.3.232\h2-2.3.232.jar;C:\Users\surrya.s\.m2\repository\org\postgresql\postgresql\42.7.8\postgresql-42.7.8.jar;C:\Users\surrya.s\.m2\repository\org\checkerframework\checker-qual\3.49.5\checker-qual-3.49.5.jar;C:\Users\surrya.s\.m2\repository\jakarta\xml\bind\jakarta.xml.bind-api\4.0.4\jakarta.xml.bind-api-4.0.4.jar;C:\Users\surrya.s\.m2\repository\jakarta\activation\jakarta.activation-api\2.1.4\jakarta.activation-api-2.1.4.jar;C:\Users\surrya.s\.m2\repository\org\springframework\spring-core\6.2.15\spring-core-6.2.15.jar;C:\Users\surrya.s\.m2\repository\org\springframework\spring-jcl\6.2.15\spring-jcl-6.2.15.jar;C:\Users\surrya.s\.m2\repository\org\projectlombok\lombok\1.18.42\lombok-1.18.42.jar;C:\Users\surrya.s\.m2\repository\org\springframework\boot\spring-boot-starter-security\3.5.9\spring-boot-starter-security-3.5.9.jar;C:\Users\surrya.s\.m2\repository\org\springframework\spring-aop\6.2.15\spring-aop-6.2.15.jar;C:\Users\surrya.s\.m2\repository\org\springframework\security\spring-security-config\6.5.7\spring-security-config-6.5.7.jar;C:\Users\surrya.s\.m2\repository\org\springframework\security\spring-security-core\6.5.7\spring-security-core-6.5.7.jar;C:\Users\surrya.s\.m2\repository\org\springframework\security\spring-security-crypto\6.5.7\spring-security-crypto-6.5.7.jar;C:\Users\surrya.s\.m2\repository\org\springframework\security\spring-security-web\6.5.7\spring-security-web-6.5.7.jar;C:\Users\surrya.s\.m2\repository\io\jsonwebtoken\jjwt-api\0.13.0\jjwt-api-0.13.0.jar;C:\Users\surrya.s\.m2\repository\io\jsonwebtoken\jjwt-impl\0.13.0\jjwt-impl-0.13.0.jar;C:\Users\surrya.s\.m2\repository\io\jsonwebtoken\jjwt-jackson\0.13.0\jjwt-jackson-0.13.0.jar;C:\Users\surrya.s\.m2\repository\com\fasterxml\jackson\core\jackson-databind\2.19.4\jackson-databind-2.19.4.jar;C:\Users\surrya.s\.m2\repository\com\fasterxml\jackson\core\jackson-annotations\2.19.4\jackson-annotations-2.19.4.jar;C:\Users\surrya.s\.m2\repository\com\fasterxml\jackson\core\jackson-core\2.19.4\jackson-core-2.19.4.jar;C:\Users\surrya.s\.m2\repository\org\springframework\kafka\spring-kafka\3.3.11\spring-kafka-3.3.11.jar;C:\Users\surrya.s\.m2\repository\org\springframework\spring-context\6.2.15\spring-context-6.2.15.jar;C:\Users\surrya.s\.m2\repository\org\springframework\spring-messaging\6.2.15\spring-messaging-6.2.15.jar;C:\Users\surrya.s\.m2\repository\org\springframework\spring-tx\6.2.15\spring-tx-6.2.15.jar;C:\Users\surrya.s\.m2\repository\org\springframework\retry\spring-retry\2.0.12\spring-retry-2.0.12.jar;C:\Users\surrya.s\.m2\repository\org\apache\kafka\kafka-clients\3.9.1\kafka-clients-3.9.1.jar;C:\Users\surrya.s\.m2\repository\com\github\luben\zstd-jni\1.5.6-4\zstd-jni-1.5.6-4.jar;C:\Users\surrya.s\.m2\repository\org\lz4\lz4-java\1.8.0\lz4-java-1.8.0.jar;C:\Users\surrya.s\.m2\repository\org\xerial\snappy\snappy-java\1.1.10.5\snappy-java-1.1.10.5.jar;C:\Users\surrya.s\.m2\repository\io\micrometer\micrometer-observation\1.15.7\micrometer-observation-1.15.7.jar;C:\Users\surrya.s\.m2\repository\io\micrometer\micrometer-commons\1.15.7\micrometer-commons-1.15.7.jar
Launcher Type: SUN_STANDARD

[Global flags]
     intx CICompilerCount                          = 4                                         {product} {ergonomic}
     uint ConcGCThreads                            = 3                                         {product} {ergonomic}
     uint G1ConcRefinementThreads                  = 10                                        {product} {ergonomic}
   size_t G1HeapRegionSize                         = 2097152                                   {product} {ergonomic}
    uintx GCDrainStackTargetSize                   = 64                                        {product} {ergonomic}
   size_t InitialHeapSize                          = 249561088                                 {product} {ergonomic}
     bool ManagementServer                         = true                                      {product} {command line}
   size_t MarkStackSize                            = 4194304                                   {product} {ergonomic}
   size_t MaxHeapSize                              = 3980394496                                {product} {ergonomic}
   size_t MaxNewSize                               = 2386558976                                {product} {ergonomic}
   size_t MinHeapDeltaBytes                        = 2097152                                   {product} {ergonomic}
   size_t MinHeapSize                              = 8388608                                   {product} {ergonomic}
    uintx NonNMethodCodeHeapSize                   = 4096                                   {pd product} {ergonomic}
    uintx NonProfiledCodeHeapSize                  = 0                                      {pd product} {ergonomic}
     bool ProfileInterpreter                       = false                                  {pd product} {command line}
    uintx ProfiledCodeHeapSize                     = 0                                      {pd product} {ergonomic}
     bool ShowCodeDetailsInExceptionMessages       = true                                   {manageable} {command line}
   size_t SoftMaxHeapSize                          = 3980394496                             {manageable} {ergonomic}
     intx TieredStopAtLevel                        = 1                                         {product} {command line}
     bool UseCompressedOops                        = true                           {product lp64_product} {ergonomic}
     bool UseG1GC                                  = true                                      {product} {ergonomic}
     bool UseLargePagesIndividualAllocation        = false                                  {pd product} {ergonomic}

Logging:
Log output configuration:
 #0: stdout all=warning uptime,level,tags foldmultilines=false
 #1: stderr all=off uptime,level,tags foldmultilines=false

Environment Variables:
JAVA_HOME=C:\Program Files\Java\jdk-17
PATH=C:\My_Installations\sts-4.24.0.RELEASE\plugins\org.eclipse.justj.openjdk.hotspot.jre.full.win32.x86_64_21.0.3.v20240426-1530\jre\bin;C:/My_Installations/sts-4.24.0.RELEASE//plugins/org.eclipse.justj.openjdk.hotspot.jre.full.win32.x86_64_21.0.3.v20240426-1530/jre/bin/server;C:/My_Installations/sts-4.24.0.RELEASE//plugins/org.eclipse.justj.openjdk.hotspot.jre.full.win32.x86_64_21.0.3.v20240426-1530/jre/bin;C:\Python313\Scripts\;C:\Python313\;C:\Program Files\Common Files\Oracle\Java\javapath;C:\Windows\system32;C:\Windows;C:\Windows\System32\Wbem;C:\Windows\System32\WindowsPowerShell\v1.0\;C:\Windows\System32\OpenSSH\;C:\My_Installations\apache-maven-3.9.9\bin;C:\Program Files\Java\jdk-17\bin;C:\Program Files\nodejs\;C:\ProgramData\chocolatey\bin;C:\Program Files\Docker\Docker\resources\bin;C:\Program Files\dotnet\;C:\Users\surrya.s\AppData\Local\Microsoft\WindowsApps;C:\Users\surrya.s\AppData\Local\Programs\Git\cmd;C:\Users\surrya.s\AppData\Local\Programs\Microsoft VS Code\bin;C:\Users\surrya.s\AppData\Local\JetBrains\IntelliJ IDEA Community Edition 2024.1.4\bin;;C:\Users\surrya.s\AppData\Roaming\npm;C:\Users\surrya.s\.dotnet\tools;C:\Users\surrya.s\AppData\Local\Programs\cursor\resources\app\bin;C:\Users\surrya.s\AppData\Local\Microsoft\WinGet\Links;C:\Users\surrya.s\AppData\Local\Programs\Antigravity\bin;C:\My_Installations\sts-4.24.0.RELEASE;
USERNAME=surrya.s
OS=Windows_NT
PROCESSOR_IDENTIFIER=AMD64 Family 25 Model 80 Stepping 0, AuthenticAMD
TMP=C:\Users\surrya.s\AppData\Local\Temp
TEMP=C:\Users\surrya.s\AppData\Local\Temp




Periodic native trim disabled

---------------  S Y S T E M  ---------------

OS:
 Windows 11 , 64 bit Build 22621 (10.0.22621.3958)
OS uptime: 1 days 4:46 hours
Hyper-V role detected

CPU: total 12 (initial active 12) (12 cores per cpu, 2 threads per core) family 25 model 80 stepping 0 microcode 0x0, cx8, cmov, fxsr, ht, mmx, 3dnowpref, sse, sse2, sse3, ssse3, sse4a, sse4.1, sse4.2, popcnt, lzcnt, tsc, tscinvbit, avx, avx2, aes, erms, clmul, bmi1, bmi2, adx, sha, fma, vzeroupper, clflush, clflushopt, hv, rdtscp, rdpid, fsrm, f16c, cet_ss
Processor Information for all 12 processors :
  Max Mhz: 2000, Current Mhz: 2000, Mhz Limit: 2000

Memory: 4k page, system-wide physical 15182M (619M free)
TotalPageFile size 39485M (AvailPageFile size 1809M)
current process WorkingSet (physical memory assigned to process): 307M, peak: 336M
current process commit charge ("private bytes"): 380M, peak: 389M

vm_info: OpenJDK 64-Bit Server VM (21.0.3+9-LTS) for windows-amd64 JRE (21.0.3+9-LTS), built on 2024-04-16T00:00:00Z by "admin" with MS VC++ 17.7 (VS2022)

END.
